Archive member included because of file (symbol)

C:\CodeSourcery\Sourcery G++ Lite/arm-none-eabi/lib\libc.a(lib_a-atoi.o)
                              uart.o (atoi)
C:\CodeSourcery\Sourcery G++ Lite/arm-none-eabi/lib\libc.a(lib_a-ctype_.o)
                              uart.o (__ctype_ptr__)
C:\CodeSourcery\Sourcery G++ Lite/arm-none-eabi/lib\libc.a(lib_a-malloc.o)
                              pcb_allocator.o (malloc)
C:\CodeSourcery\Sourcery G++ Lite/arm-none-eabi/lib\libc.a(lib_a-mallocr.o)
                              C:\CodeSourcery\Sourcery G++ Lite/arm-none-eabi/lib\libc.a(lib_a-malloc.o) (_malloc_r)
C:\CodeSourcery\Sourcery G++ Lite/arm-none-eabi/lib\libc.a(lib_a-mlock.o)
                              C:\CodeSourcery\Sourcery G++ Lite/arm-none-eabi/lib\libc.a(lib_a-mallocr.o) (__malloc_lock)
C:\CodeSourcery\Sourcery G++ Lite/arm-none-eabi/lib\libc.a(lib_a-sbrkr.o)
                              C:\CodeSourcery\Sourcery G++ Lite/arm-none-eabi/lib\libc.a(lib_a-mallocr.o) (_sbrk_r)
C:\CodeSourcery\Sourcery G++ Lite/arm-none-eabi/lib\libc.a(lib_a-strlen.o)
                              uart.o (strlen)
C:\CodeSourcery\Sourcery G++ Lite/arm-none-eabi/lib\libc.a(lib_a-strtol.o)
                              C:\CodeSourcery\Sourcery G++ Lite/arm-none-eabi/lib\libc.a(lib_a-atoi.o) (_strtol_r)
C:\CodeSourcery\Sourcery G++ Lite/arm-none-eabi/lib\libc.a(lib_a-vsprintf.o)
                              graphics.o (vsprintf)
C:\CodeSourcery\Sourcery G++ Lite/arm-none-eabi/lib\libc.a(lib_a-freer.o)
                              C:\CodeSourcery\Sourcery G++ Lite/arm-none-eabi/lib\libc.a(lib_a-malloc.o) (_free_r)
C:\CodeSourcery\Sourcery G++ Lite/arm-none-eabi/lib\libc.a(lib_a-impure.o)
                              C:\CodeSourcery\Sourcery G++ Lite/arm-none-eabi/lib\libc.a(lib_a-malloc.o) (_impure_ptr)
C:\CodeSourcery\Sourcery G++ Lite/arm-none-eabi/lib\libc.a(lib_a-reent.o)
                              C:\CodeSourcery\Sourcery G++ Lite/arm-none-eabi/lib\libc.a(lib_a-sbrkr.o) (errno)
C:\CodeSourcery\Sourcery G++ Lite/arm-none-eabi/lib\libc.a(lib_a-svfprintf.o)
                              C:\CodeSourcery\Sourcery G++ Lite/arm-none-eabi/lib\libc.a(lib_a-vsprintf.o) (_svfprintf_r)
C:\CodeSourcery\Sourcery G++ Lite/arm-none-eabi/lib\libc.a(lib_a-dtoa.o)
                              C:\CodeSourcery\Sourcery G++ Lite/arm-none-eabi/lib\libc.a(lib_a-svfprintf.o) (_dtoa_r)
C:\CodeSourcery\Sourcery G++ Lite/arm-none-eabi/lib\libc.a(lib_a-locale.o)
                              C:\CodeSourcery\Sourcery G++ Lite/arm-none-eabi/lib\libc.a(lib_a-svfprintf.o) (_localeconv_r)
C:\CodeSourcery\Sourcery G++ Lite/arm-none-eabi/lib\libc.a(lib_a-memchr-stub.o)
                              C:\CodeSourcery\Sourcery G++ Lite/arm-none-eabi/lib\libc.a(lib_a-svfprintf.o) (memchr)
C:\CodeSourcery\Sourcery G++ Lite/arm-none-eabi/lib\libc.a(lib_a-memcpy-stub.o)
                              C:\CodeSourcery\Sourcery G++ Lite/arm-none-eabi/lib\libc.a(lib_a-dtoa.o) (memcpy)
C:\CodeSourcery\Sourcery G++ Lite/arm-none-eabi/lib\libc.a(lib_a-mprec.o)
                              C:\CodeSourcery\Sourcery G++ Lite/arm-none-eabi/lib\libc.a(lib_a-dtoa.o) (_Balloc)
C:\CodeSourcery\Sourcery G++ Lite/arm-none-eabi/lib\libc.a(lib_a-s_fpclassify.o)
                              C:\CodeSourcery\Sourcery G++ Lite/arm-none-eabi/lib\libc.a(lib_a-svfprintf.o) (__fpclassifyd)
C:\CodeSourcery\Sourcery G++ Lite/arm-none-eabi/lib\libc.a(lib_a-strcmp.o)
                              C:\CodeSourcery\Sourcery G++ Lite/arm-none-eabi/lib\libc.a(lib_a-locale.o) (strcmp)
C:\CodeSourcery\Sourcery G++ Lite/arm-none-eabi/lib\libc.a(lib_a-svfiprintf.o)
                              C:\CodeSourcery\Sourcery G++ Lite/arm-none-eabi/lib\libc.a(lib_a-svfprintf.o) (__ssprint_r)
C:\CodeSourcery\Sourcery G++ Lite/arm-none-eabi/lib\libc.a(lib_a-callocr.o)
                              C:\CodeSourcery\Sourcery G++ Lite/arm-none-eabi/lib\libc.a(lib_a-mprec.o) (_calloc_r)
C:\CodeSourcery\Sourcery G++ Lite/arm-none-eabi/lib\libc.a(lib_a-memmove.o)
                              C:\CodeSourcery\Sourcery G++ Lite/arm-none-eabi/lib\libc.a(lib_a-svfiprintf.o) (memmove)
C:\CodeSourcery\Sourcery G++ Lite/arm-none-eabi/lib\libc.a(lib_a-memset.o)
                              C:\CodeSourcery\Sourcery G++ Lite/arm-none-eabi/lib\libc.a(lib_a-callocr.o) (memset)
C:\CodeSourcery\Sourcery G++ Lite/arm-none-eabi/lib\libc.a(lib_a-reallocr.o)
                              C:\CodeSourcery\Sourcery G++ Lite/arm-none-eabi/lib\libc.a(lib_a-svfiprintf.o) (_realloc_r)
C:\CodeSourcery\Sourcery G++ Lite/lib/gcc/arm-none-eabi/4.8.1\libgcc.a(_udivsi3.o)
                              C:\CodeSourcery\Sourcery G++ Lite/arm-none-eabi/lib\libc.a(lib_a-strtol.o) (__aeabi_uidiv)
C:\CodeSourcery\Sourcery G++ Lite/lib/gcc/arm-none-eabi/4.8.1\libgcc.a(_dvmd_tls.o)
                              C:\CodeSourcery\Sourcery G++ Lite/lib/gcc/arm-none-eabi/4.8.1\libgcc.a(_udivsi3.o) (__aeabi_idiv0)
[...]
Memory Configuration

Name             Origin             Length             Attributes
RAM              0x40000000         0x03800000         xrw
*default*        0x00000000         0xffffffff

Linker script and memory map

LOAD Exception.o
LOAD cp15.o
LOAD gic.o
LOAD graphics.o
LOAD key.o
LOAD led.o
LOAD main.o
LOAD pcb_allocator.o
LOAD runtime.o
LOAD sdhc.o
LOAD timer.o
LOAD uart.o
LOAD asm_function.o
LOAD cp15a.o
LOAD crt0.o
LOAD C:\CodeSourcery\Sourcery G++ Lite/arm-none-eabi/lib\libc.a
LOAD C:\CodeSourcery\Sourcery G++ Lite/lib/gcc/arm-none-eabi/4.8.1\libgcc.a

.text           0x40000000     0xe5b8
 crt0.o(.text)
 .text          0x40000000      0x194 crt0.o
                0x40000000                __start
 *(.text)
 .text          0x40000194      0x3e8 Exception.o
                0x40000194                Invalid_ISR
                0x400001c0                SDHC_ISR
                0x400002b8                Uart1_ISR
                0x40000314                Key3_ISR
                0x40000364                Key4_ISR
                0x400003b4                Timer0_ISR
                0x40000430                Undef_Handler
                0x40000468                Dabort_Handler
                0x400004dc                Pabort_Handler
                0x4000053c                SVC_Handler
 .text          0x4000057c     0x183c cp15.o
                0x40000dc0                CoGetPAfromVA
                0x40000e40                L2C_Invalidate_VA
                0x40000ec8                L2C_Clean_VA
                0x40000f50                L2C_CleanAndInvalidate_VA
                0x40000fd8                L2C_Enable
                0x40001034                L2C_Disable
                0x40001060                L2C_Invalidate_All
                0x40001090                L2C_Invalidate_PA
                0x400010ac                L2C_Invalidate_Way
                0x400010e0                L2C_Clean_All
                0x40001110                L2C_Clean_PA
                0x4000112c                L2C_Clean_SetWay
                0x4000114c                L2C_Clean_Way
                0x40001180                L2C_CleanAndInvalidate_All
                0x400011b0                L2C_CleanAndInvalidate_PA
                0x400011cc                L2C_CleanAndInvalidate_SetWay
                0x400011ec                L2C_CleanAndInvalidate_Way
                0x40001220                SetTransTable
                0x40001264                CoStopMmuAndL1L2Cache
                0x4000130c                CoStartMmuAndDCache
                0x40001be8                CoInitMmuAndL1L2Cache
                0x40001cc0                CoStartMmuAndL1L2Cache
 .text          0x40001db8      0x280 gic.o
                0x40001db8                GIC_Distributor_Enable
                0x40001dd0                GIC_CPU_Interface_Enable
                0x40001de4                GIC_Set_Priority_Mask
                0x40001dfc                GIC_Interrupt_Enable
                0x40001e48                GIC_Interrupt_Disable
                0x40001e94                GIC_Set_Interrupt_Priority
                0x40001f18                GIC_Set_Processor_Target
                0x40001fa4                GIC_Clear_Pending_Clear
                0x40001fec                GIC_Read_INTACK
                0x40002008                GIC_Write_EOI
                0x40002020                GIC_Generate_SGI
 .text          0x40002038     0x1c34 graphics.o
                0x400027fc                udelay_f
                0x40002800                LCD_Clock_Init
                0x40002868                Lcd_Init
                0x40002a30                Lcd_Win_Init
                0x40002bac                Lcd_Put_Pixel
                0x40002bdc                Lcd_Get_Pixel
                0x40002c04                Lcd_Get_Pixel_Address
                0x40002c28                Lcd_Clr_Screen
                0x40002cb0                Lcd_Draw_Back_Color
                0x40002d38                Lcd_Get_Info_BMP
                0x40002d4c                Lcd_Draw_BMP
                0x40002df0                Lcd_Draw_Image
                0x40002e7c                Lcd_Select_Draw_Frame_Buffer
                0x40002ea4                Lcd_Select_Display_Frame_Buffer
                0x40002ed8                absf
                0x40002ef4                Lcd_Brightness_Control
                0x40002f18                Lcd_Draw_BMP_File_24bpp
                0x4000305c                Lcd_Han_Putch
                0x40003424                Lcd_Eng_Putch
                0x40003598                Lcd_Puts
                0x400037b4                Lcd_Draw_Bar
                0x40003834                Lcd_Draw_Line
                0x400039e8                Lcd_Printf
                0x40003c20                Lcd_Draw_STACK
 .text          0x40003c6c      0x134 key.o
                0x40003c6c                Key_Poll_Init
                0x40003c80                Key_Get_Key_Pressed
                0x40003c94                Key_Wait_Key_Released
                0x40003cac                Key_Wait_Key_Pressed
                0x40003cc8                Key_ISR_Init
                0x40003cf8                Key_ISR_Enable
 .text          0x40003da0       0x40 led.o
                0x40003da0                LED_Init
                0x40003dc4                LED_Display
 .text          0x40003de0      0x204 main.o
                0x40003de0                App_Read
                0x40003e2c                Main
 .text          0x40003fe4       0xe8 pcb_allocator.o
                0x40003fe4                allocate_pcb
                0x40004010                add_pcb
                0x40004088                get_current_pcb_adr
                0x4000409c                set_current_pcb_adr
                0x400040b0                get_next_pcb_adr
 .text          0x400040cc       0xb4 runtime.o
                0x400040cc                _sbrk
                0x40004118                Get_Stack_Base
                0x40004120                Get_Stack_Limit
                0x4000412c                Get_Heap_Base
                0x4000413c                Get_Heap_Limit
                0x40004148                Delay
 .text          0x40004180      0xcc0 sdhc.o
                0x40004180                SDHC_Init
                0x40004228                SDHC_Card_Init
                0x40004538                SDHC_Port_Init
                0x40004578                SDHC_Clock_Supply
                0x400045bc                SDHC_Clock_Stop
                0x400045d4                SDHC_CMD0
                0x40004634                SDHC_CMD8
                0x4000469c                SDHC_CMD55
                0x400046fc                SDHC_ACMD41
                0x400047b8                SDHC_CMD2
                0x40004820                SDHC_CMD3
                0x4000488c                SDHC_CMD7
                0x40004914                SDHC_ACMD6_4bit
                0x400049d4                SDHC_ISR_Enable
                0x40004ab4                SDHC_BusPower_Control
                0x40004b40                SDHC_Change_Dat_Width_4bit
                0x40004c0c                SD_Read_Sector
                0x40004d1c                SD_Write_Sector
 .text          0x40004e40      0x13c timer.o
                0x40004e40                Timer0_Delay
                0x40004ec4                Timer0_Int_Delay
 *fill*         0x40004f7c        0x4 
 .text          0x40004f80      0x630 uart.o
                0x40004f80                Uart1_Init
                0x40005050                Uart1_Send_Byte
                0x400050a4                Uart1_Send_String
                0x40005110                Uart1_Printf
                0x400051a8                Uart1_Get_Char
                0x400051d0                Uart1_Get_Pressed
                0x400051ec                Uart1_ISR_Enable
                0x400052b8                Uart1_GetString
                0x400053b0                Uart1_GetIntNum
 .text          0x400055b0       0x80 asm_function.o
                0x400055b0                Run_App
                0x400055cc                Get_User_SP
                0x400055e0                Get_User_Stack_Base
                0x400055e8                Get_User_Stack_Limit
                0x400055f0                PABT_Falut_Status
                0x400055f8                PABT_Falut_Address
                0x40005600                DABT_Falut_Status
                0x40005608                DABT_Falut_Address
                0x40005610                Get_SP
                0x40005618                Main_ID
                0x40005620                TLB_Type
 .text          0x40005630      0x53c cp15a.o
                0x40005630                exynos_smc
                0x40005640                CoGetOSReadPA
                0x40005650                CoGetOSWritePA
                0x40005660                CoGetUserReadPA
                0x40005670                CoGetUserWritePA
                0x40005680                CoEnableL2PrefetchHint
                0x40005690                CoDisableL2PrefetchHint
                0x400056a0                CoEnableICache
                0x400056bc                CoDisableICache
                0x400056d8                CoEnableDCache
                0x400056e8                CoDisableDCache
                0x400056f8                CoReadCTR
                0x40005700                CoReadCLIDR
                0x40005708                CoReadCCSIDR
                0x40005710                CoReadCSSELR
                0x40005718                CoEnableIrq
                0x40005728                CoDisableIrq
                0x40005738                CoEnableFiq
                0x40005748                CoDisableFiq
                0x40005758                CoSetIF
                0x4000576c                CoWrIF
                0x40005774                CoClrIF
                0x40005784                CoEnableVectoredInt
                0x40005794                CoDisableVectoredInt
                0x400057a4                CoEnableUnalignedAccess
                0x400057b4                CoDisableUnalignedAccess
                0x400057c4                CoEnableAlignFault
                0x400057d4                CoDisableAlignFault
                0x400057e4                CoEnableMmu
                0x400057f4                CoDisableMmu
                0x40005804                CoSetFastBusMode
                0x40005814                CoSetAsyncBusMode
                0x40005824                CoEnableBranchPrediction
                0x40005834                CoDisableBranchPrediction
                0x40005844                CoEnableVfp
                0x40005854                CoEnableNeon
                0x40005864                CoSetTTBase
                0x4000586c                CoSelTTBReg0
                0x40005878                CoSetASID
                0x40005880                CoSetDomain
                0x40005888                CoWaitForInterrupt
                0x40005894                CoInvalidateICache
                0x400058a4                CoInvalidateDCache
                0x400058b4                CoInvalidateDCacheVA
                0x400058c0                CoInvalidateDCacheIndex
                0x400058cc                CoInvalidateBothCaches
                0x400058dc                CoCleanDCacheVA
                0x400058e8                CoCleanDCacheIndex
                0x400058f4                CoDataSyncBarrier
                0x400058fc                CoPrefetchICacheLineVA
                0x40005904                CoCleanAndInvalidateDCacheVA
                0x40005910                CoCleanAndInvalidateDCacheIndex
                0x4000591c                CoInvalidateITlb
                0x40005928                CoInvalidateITlbVA
                0x40005930                CoInvalidateITlbASID
                0x40005938                CoInvalidateDTlb
                0x40005944                CoInvalidateDTlbVA
                0x4000594c                CoInvalidateDTlbASID
                0x40005954                CoInvalidateMainTlb
                0x40005960                CoInvalidateMainTlbVA
                0x40005968                CoInvalidateMainTlbASID
                0x40005974                CoSetDCacheLockdownBase
                0x4000597c                CoSetICacheLockdownBase
                0x40005984                CoLockL2Cache
                0x40005994                CoUnLockL2Cache
                0x400059a4                CoSetL2CacheAuxCrtlReg
                0x400059ac                CoSetDTlbLockdown
                0x400059b4                CoSetITlbLockdown
                0x400059bc                CoSetL2CacheLines
                0x400059c8                CoCopyToL2Cache
                0x40005a1c                CoCopyFromL2Cache
                0x40005a68                CoStopPLE
                0x40005a74                CoNonSecureAccCtrl
                0x40005a88                CoGetCacheSizeID
                0x40005a94                CoGetPAreg
                0x40005aa0                CoGetNormalMemRemapReg
                0x40005aac                CoInvalidateDCacheForV7
                0x40005b3c                CoSetExceptonVectoerBase
                0x40005b44                CoSetProcessId
                0x40005b4c                CoSetMpll
 .text          0x40005b6c       0x30 C:\CodeSourcery\Sourcery G++ Lite/arm-none-eabi/lib\libc.a(lib_a-atoi.o)
                0x40005b6c                atoi
                0x40005b84                _atoi_r
 .text          0x40005b9c        0x0 C:\CodeSourcery\Sourcery G++ Lite/arm-none-eabi/lib\libc.a(lib_a-ctype_.o)
 .text          0x40005b9c       0x40 C:\CodeSourcery\Sourcery G++ Lite/arm-none-eabi/lib\libc.a(lib_a-malloc.o)
                0x40005b9c                malloc
                0x40005bbc                free
 .text          0x40005bdc      0x72c C:\CodeSourcery\Sourcery G++ Lite/arm-none-eabi/lib\libc.a(lib_a-mallocr.o)
                0x40005bdc                _malloc_r
 .text          0x40006308        0x8 C:\CodeSourcery\Sourcery G++ Lite/arm-none-eabi/lib\libc.a(lib_a-mlock.o)
                0x40006308                __malloc_lock
                0x4000630c                __malloc_unlock
 .text          0x40006310       0x44 C:\CodeSourcery\Sourcery G++ Lite/arm-none-eabi/lib\libc.a(lib_a-sbrkr.o)
                0x40006310                _sbrk_r
 .text          0x40006354       0x60 C:\CodeSourcery\Sourcery G++ Lite/arm-none-eabi/lib\libc.a(lib_a-strlen.o)
                0x40006354                strlen
 .text          0x400063b4      0x1f8 C:\CodeSourcery\Sourcery G++ Lite/arm-none-eabi/lib\libc.a(lib_a-strtol.o)
                0x400063b4                _strtol_r
                0x40006584                strtol
 .text          0x400065ac       0x78 C:\CodeSourcery\Sourcery G++ Lite/arm-none-eabi/lib\libc.a(lib_a-vsprintf.o)
                0x400065ac                _vsprintf_r
                0x400065fc                vsprintf
 .text          0x40006624      0x36c C:\CodeSourcery\Sourcery G++ Lite/arm-none-eabi/lib\libc.a(lib_a-freer.o)
                0x40006624                _malloc_trim_r
                0x40006724                _free_r
 .text          0x40006990        0x0 C:\CodeSourcery\Sourcery G++ Lite/arm-none-eabi/lib\libc.a(lib_a-impure.o)
 .text          0x40006990      0x134 C:\CodeSourcery\Sourcery G++ Lite/arm-none-eabi/lib\libc.a(lib_a-reent.o)
                0x40006990                cleanup_glue
                0x400069bc                _reclaim_reent
 .text          0x40006ac4     0x1f0c C:\CodeSourcery\Sourcery G++ Lite/arm-none-eabi/lib\libc.a(lib_a-svfprintf.o)
                0x40006ac4                _svfprintf_r
 .text          0x400089d0     0x18d8 C:\CodeSourcery\Sourcery G++ Lite/arm-none-eabi/lib\libc.a(lib_a-dtoa.o)
                0x40008bb0                _dtoa_r
 .text          0x4000a2a8       0xd0 C:\CodeSourcery\Sourcery G++ Lite/arm-none-eabi/lib\libc.a(lib_a-locale.o)
                0x4000a2a8                _setlocale_r
                0x4000a318                __locale_charset
                0x4000a324                __locale_mb_cur_max
                0x4000a334                __locale_msgcharset
                0x4000a340                __locale_cjk_lang
                0x4000a348                _localeconv_r
                0x4000a354                setlocale
                0x4000a36c                localeconv
 .text          0x4000a378      0x114 C:\CodeSourcery\Sourcery G++ Lite/arm-none-eabi/lib\libc.a(lib_a-memchr-stub.o)
                0x4000a378                memchr
 .text          0x4000a48c       0xf0 C:\CodeSourcery\Sourcery G++ Lite/arm-none-eabi/lib\libc.a(lib_a-memcpy-stub.o)
                0x4000a48c                memcpy
 .text          0x4000a57c      0xd2c C:\CodeSourcery\Sourcery G++ Lite/arm-none-eabi/lib\libc.a(lib_a-mprec.o)
                0x4000a57c                _Balloc
                0x4000a608                _Bfree
                0x4000a624                __multadd
                0x4000a700                __s2b
                0x4000a7e8                __hi0bits
                0x4000a844                __lo0bits
                0x4000a8d8                __i2b
                0x4000a8fc                __multiply
                0x4000aae4                __pow5mult
                0x4000abe8                __lshift
                0x4000acf4                __mcmp
                0x4000ad54                __mdiff
                0x4000ae98                __ulp
                0x4000aefc                __b2d
                0x4000afd0                __d2b
                0x4000b0dc                __ratio
                0x4000b164                _mprec_log10
                0x4000b1bc                __copybits
                0x4000b22c                __any_on
 .text          0x4000b2a8       0x6c C:\CodeSourcery\Sourcery G++ Lite/arm-none-eabi/lib\libc.a(lib_a-s_fpclassify.o)
                0x4000b2a8                __fpclassifyd
 .text          0x4000b314      0x230 C:\CodeSourcery\Sourcery G++ Lite/arm-none-eabi/lib\libc.a(lib_a-strcmp.o)
                0x4000b314                strcmp
 .text          0x4000b544     0x128c C:\CodeSourcery\Sourcery G++ Lite/arm-none-eabi/lib\libc.a(lib_a-svfiprintf.o)
                0x4000b544                __ssprint_r
                0x4000b6f0                _svfiprintf_r
 .text          0x4000c7d0       0x9c C:\CodeSourcery\Sourcery G++ Lite/arm-none-eabi/lib\libc.a(lib_a-callocr.o)
                0x4000c7d0                _calloc_r
 .text          0x4000c86c      0x134 C:\CodeSourcery\Sourcery G++ Lite/arm-none-eabi/lib\libc.a(lib_a-memmove.o)
                0x4000c86c                memmove
 .text          0x4000c9a0       0xf4 C:\CodeSourcery\Sourcery G++ Lite/arm-none-eabi/lib\libc.a(lib_a-memset.o)
                0x4000c9a0                memset
 .text          0x4000ca94      0x56c C:\CodeSourcery\Sourcery G++ Lite/arm-none-eabi/lib\libc.a(lib_a-reallocr.o)
                0x4000ca94                _realloc_r
 .text          0x4000d000      0x114 C:\CodeSourcery\Sourcery G++ Lite/lib/gcc/arm-none-eabi/4.8.1\libgcc.a(_udivsi3.o)
                0x4000d000                __aeabi_uidiv
                0x4000d000                __udivsi3
                0x4000d0f4                __aeabi_uidivmod
 .text          0x4000d114        0x4 C:\CodeSourcery\Sourcery G++ Lite/lib/gcc/arm-none-eabi/4.8.1\libgcc.a(_dvmd_tls.o)
                0x4000d114                __aeabi_idiv0
                0x4000d114                __aeabi_ldiv0
 .text          0x4000d118      0x41c C:\CodeSourcery\Sourcery G++ Lite/lib/gcc/arm-none-eabi/4.8.1\libgcc.a(_arm_addsubdf3.o)
                0x4000d118                __aeabi_drsub
                0x4000d120                __aeabi_dsub
                0x4000d120                __subdf3
                0x4000d124                __aeabi_dadd
                0x4000d124                __adddf3
                0x4000d434                __floatunsidf
                0x4000d434                __aeabi_ui2d
                0x4000d458                __floatsidf
                0x4000d458                __aeabi_i2d
                0x4000d480                __aeabi_f2d
                0x4000d480                __extendsfdf2
                0x4000d4c0                __floatundidf
                0x4000d4c0                __aeabi_ul2d
                0x4000d4d4                __floatdidf
                0x4000d4d4                __aeabi_l2d
 .text          0x4000d534      0x49c C:\CodeSourcery\Sourcery G++ Lite/lib/gcc/arm-none-eabi/4.8.1\libgcc.a(_arm_muldivdf3.o)
                0x4000d534                __aeabi_dmul
                0x4000d534                __muldf3
                0x4000d7c4                __divdf3
                0x4000d7c4                __aeabi_ddiv
 .text          0x4000d9d0      0x144 C:\CodeSourcery\Sourcery G++ Lite/lib/gcc/arm-none-eabi/4.8.1\libgcc.a(_arm_cmpdf2.o)
                0x4000d9d0                __gtdf2
                0x4000d9d0                __gedf2
                0x4000d9d8                __ltdf2
                0x4000d9d8                __ledf2
                0x4000d9e0                __nedf2
                0x4000d9e0                __eqdf2
                0x4000d9e0                __cmpdf2
                0x4000da68                __aeabi_cdrcmple
                0x4000da84                __aeabi_cdcmpeq
                0x4000da84                __aeabi_cdcmple
                0x4000da9c                __aeabi_dcmpeq
                0x4000dab4                __aeabi_dcmplt
                0x4000dacc                __aeabi_dcmple
                0x4000dae4                __aeabi_dcmpge
                0x4000dafc                __aeabi_dcmpgt
 .text          0x4000db14       0x5c C:\CodeSourcery\Sourcery G++ Lite/lib/gcc/arm-none-eabi/4.8.1\libgcc.a(_arm_fixdfsi.o)
                0x4000db14                __aeabi_d2iz
                0x4000db14                __fixdfsi
 .text          0x4000db70       0x3c C:\CodeSourcery\Sourcery G++ Lite/lib/gcc/arm-none-eabi/4.8.1\libgcc.a(_aeabi_uldivmod.o)
                0x4000db70                __aeabi_uldivmod
 .text          0x4000dbac       0x84 C:\CodeSourcery\Sourcery G++ Lite/lib/gcc/arm-none-eabi/4.8.1\libgcc.a(bpabi.o)
                0x4000dbac                __gnu_ldivmod_helper
                0x4000dbf0                __gnu_uldivmod_helper
 .text          0x4000dc30      0x4d0 C:\CodeSourcery\Sourcery G++ Lite/lib/gcc/arm-none-eabi/4.8.1\libgcc.a(_divdi3.o)
                0x4000dc30                __divdi3
 .text          0x4000e100      0x470 C:\CodeSourcery\Sourcery G++ Lite/lib/gcc/arm-none-eabi/4.8.1\libgcc.a(_udivdi3.o)
                0x4000e100                __udivdi3
 .text          0x4000e570       0x48 C:\CodeSourcery\Sourcery G++ Lite/lib/gcc/arm-none-eabi/4.8.1\libgcc.a(_clzsi2.o)
                0x4000e570                __clzsi2
                0x4000e5b8                . = ALIGN (0x4)

.glue_7         0x4000e5b8        0x0
 .glue_7        0x00000000        0x0 linker stubs

.glue_7t        0x4000e5b8        0x0
 .glue_7t       0x00000000        0x0 linker stubs

.vfp11_veneer   0x4000e5b8        0x0
 .vfp11_veneer  0x00000000        0x0 linker stubs

.v4_bx          0x4000e5b8        0x0
 .v4_bx         0x00000000        0x0 linker stubs

.iplt           0x4000e5b8        0x0
 .iplt          0x00000000        0x0 Exception.o

.rodata         0x4000e5b8     0x87c0
                0x4000e5b8                __RO_BASE__ = .
 *(.rodata)
 .rodata        0x4000e5b8     0x82b8 graphics.o
                0x4000e5c0                HanTable
                0x40012b20                han16x16
                0x40015870                eng8x16
 .rodata        0x40016870      0x104 C:\CodeSourcery\Sourcery G++ Lite/arm-none-eabi/lib\libc.a(lib_a-ctype_.o)
                0x40016870                _ctype_
 .rodata        0x40016974        0x4 C:\CodeSourcery\Sourcery G++ Lite/arm-none-eabi/lib\libc.a(lib_a-impure.o)
                0x40016974                _global_impure_ptr
 .rodata        0x40016978       0x20 C:\CodeSourcery\Sourcery G++ Lite/arm-none-eabi/lib\libc.a(lib_a-svfprintf.o)
 .rodata        0x40016998      0x128 C:\CodeSourcery\Sourcery G++ Lite/arm-none-eabi/lib\libc.a(lib_a-mprec.o)
                0x400169a8                __mprec_tens
                0x40016a70                __mprec_tinytens
                0x40016a98                __mprec_bigtens
 .rodata        0x40016ac0       0x20 C:\CodeSourcery\Sourcery G++ Lite/arm-none-eabi/lib\libc.a(lib_a-svfiprintf.o)
 *(.rodata.*)
 .rodata.str1.4
                0x40016ae0      0x1a8 Exception.o
 .rodata.str1.4
                0x40016c88       0x2d graphics.o
                                 0x30 (size before relaxing)
 *fill*         0x40016cb5        0x3 
 .rodata.str1.4
                0x40016cb8       0x57 main.o
                                 0x58 (size before relaxing)
 *fill*         0x40016d0f        0x1 
 .rodata.str1.4
                0x40016d10        0x4 uart.o
 .rodata.str1.4
                0x40016d14        0x2 C:\CodeSourcery\Sourcery G++ Lite/arm-none-eabi/lib\libc.a(lib_a-impure.o)
                                  0x4 (size before relaxing)
 *fill*         0x40016d16        0x2 
 .rodata.str1.4
                0x40016d18       0x42 C:\CodeSourcery\Sourcery G++ Lite/arm-none-eabi/lib\libc.a(lib_a-svfprintf.o)
                                 0x44 (size before relaxing)
 *fill*         0x40016d5a        0x2 
 .rodata.str1.4
                0x40016d5c       0x10 C:\CodeSourcery\Sourcery G++ Lite/arm-none-eabi/lib\libc.a(lib_a-dtoa.o)
                                 0x14 (size before relaxing)
 .rodata.str1.4
                0x40016d6c        0xc C:\CodeSourcery\Sourcery G++ Lite/arm-none-eabi/lib\libc.a(lib_a-locale.o)
                                 0x14 (size before relaxing)
 .rodata.str1.4
                0x00000000       0x30 C:\CodeSourcery\Sourcery G++ Lite/arm-none-eabi/lib\libc.a(lib_a-svfiprintf.o)
                0x40016d78                . = ALIGN (0x4)
                0x40016d78                __RO_LIMIT__ = .

.ARM.extab      0x40016d78        0x0
 .ARM.extab     0x40016d78        0x0 C:\CodeSourcery\Sourcery G++ Lite/lib/gcc/arm-none-eabi/4.8.1\libgcc.a(_divdi3.o)
 .ARM.extab     0x40016d78        0x0 C:\CodeSourcery\Sourcery G++ Lite/lib/gcc/arm-none-eabi/4.8.1\libgcc.a(_udivdi3.o)

.ARM.exidx      0x40016d78        0x8
 .ARM.exidx     0x40016d78        0x8 C:\CodeSourcery\Sourcery G++ Lite/lib/gcc/arm-none-eabi/4.8.1\libgcc.a(_divdi3.o)
 .ARM.exidx     0x40016d80        0x0 C:\CodeSourcery\Sourcery G++ Lite/lib/gcc/arm-none-eabi/4.8.1\libgcc.a(_udivdi3.o)
                                  0x8 (size before relaxing)

.rel.dyn        0x40016d80        0x0
 .rel.iplt      0x00000000        0x0 Exception.o

.data           0x40016d80      0xb7c
                0x40016d80                __RW_BASE__ = .
 *(.data)
 .data          0x40016d80      0x1e0 Exception.o
                0x40016d80                ISR_Vector
 .data          0x40016f60        0x0 cp15.o
 .data          0x40016f60       0xb0 gic.o
                0x40016f60                ICCICR
                0x40016f70                ICCPMR
                0x40016f80                ICDISER0
                0x40016f90                ICDISERn
                0x40016fa0                ICDICER0
                0x40016fb0                ICDICERn
                0x40016fc0                ICDIPR0
                0x40016fd0                ICDIPTR0
                0x40016fe0                ICDICPR0
                0x40016ff0                ICCIAR
                0x40017000                ICCEOIR
 .data          0x40017010       0x28 graphics.o
                0x40017010                ArrFbSel
 .data          0x40017038        0x0 key.o
 .data          0x40017038        0x0 led.o
 .data          0x40017038        0x0 main.o
 .data          0x40017038        0x0 pcb_allocator.o
 .data          0x40017038        0x0 runtime.o
 .data          0x40017038        0x0 sdhc.o
 .data          0x40017038        0x0 timer.o
 .data          0x40017038        0x0 uart.o
 .data          0x40017038        0x0 asm_function.o
 .data          0x40017038        0x0 cp15a.o
 .data          0x40017038        0x0 crt0.o
 .data          0x40017038        0x0 C:\CodeSourcery\Sourcery G++ Lite/arm-none-eabi/lib\libc.a(lib_a-atoi.o)
 .data          0x40017038        0x4 C:\CodeSourcery\Sourcery G++ Lite/arm-none-eabi/lib\libc.a(lib_a-ctype_.o)
                0x40017038                __ctype_ptr__
 .data          0x4001703c        0x0 C:\CodeSourcery\Sourcery G++ Lite/arm-none-eabi/lib\libc.a(lib_a-malloc.o)
 .data          0x4001703c      0x410 C:\CodeSourcery\Sourcery G++ Lite/arm-none-eabi/lib\libc.a(lib_a-mallocr.o)
                0x4001703c                __malloc_av_
                0x40017444                __malloc_sbrk_base
                0x40017448                __malloc_trim_threshold
 .data          0x4001744c        0x0 C:\CodeSourcery\Sourcery G++ Lite/arm-none-eabi/lib\libc.a(lib_a-mlock.o)
 .data          0x4001744c        0x0 C:\CodeSourcery\Sourcery G++ Lite/arm-none-eabi/lib\libc.a(lib_a-sbrkr.o)
 .data          0x4001744c        0x0 C:\CodeSourcery\Sourcery G++ Lite/arm-none-eabi/lib\libc.a(lib_a-strlen.o)
 .data          0x4001744c        0x0 C:\CodeSourcery\Sourcery G++ Lite/arm-none-eabi/lib\libc.a(lib_a-strtol.o)
 .data          0x4001744c        0x0 C:\CodeSourcery\Sourcery G++ Lite/arm-none-eabi/lib\libc.a(lib_a-vsprintf.o)
 .data          0x4001744c        0x0 C:\CodeSourcery\Sourcery G++ Lite/arm-none-eabi/lib\libc.a(lib_a-freer.o)
 *fill*         0x4001744c        0x4 
 .data          0x40017450      0x430 C:\CodeSourcery\Sourcery G++ Lite/arm-none-eabi/lib\libc.a(lib_a-impure.o)
                0x40017450                _impure_ptr
 .data          0x40017880        0x0 C:\CodeSourcery\Sourcery G++ Lite/arm-none-eabi/lib\libc.a(lib_a-reent.o)
 .data          0x40017880        0x0 C:\CodeSourcery\Sourcery G++ Lite/arm-none-eabi/lib\libc.a(lib_a-svfprintf.o)
 .data          0x40017880        0x0 C:\CodeSourcery\Sourcery G++ Lite/arm-none-eabi/lib\libc.a(lib_a-dtoa.o)
 .data          0x40017880       0x7c C:\CodeSourcery\Sourcery G++ Lite/arm-none-eabi/lib\libc.a(lib_a-locale.o)
                0x400178a0                __mb_cur_max
 .data          0x400178fc        0x0 C:\CodeSourcery\Sourcery G++ Lite/arm-none-eabi/lib\libc.a(lib_a-memchr-stub.o)
 .data          0x400178fc        0x0 C:\CodeSourcery\Sourcery G++ Lite/arm-none-eabi/lib\libc.a(lib_a-memcpy-stub.o)
 .data          0x400178fc        0x0 C:\CodeSourcery\Sourcery G++ Lite/arm-none-eabi/lib\libc.a(lib_a-mprec.o)
 .data          0x400178fc        0x0 C:\CodeSourcery\Sourcery G++ Lite/arm-none-eabi/lib\libc.a(lib_a-s_fpclassify.o)
 .data          0x400178fc        0x0 C:\CodeSourcery\Sourcery G++ Lite/arm-none-eabi/lib\libc.a(lib_a-strcmp.o)
 .data          0x400178fc        0x0 C:\CodeSourcery\Sourcery G++ Lite/arm-none-eabi/lib\libc.a(lib_a-svfiprintf.o)
 .data          0x400178fc        0x0 C:\CodeSourcery\Sourcery G++ Lite/arm-none-eabi/lib\libc.a(lib_a-callocr.o)
 .data          0x400178fc        0x0 C:\CodeSourcery\Sourcery G++ Lite/arm-none-eabi/lib\libc.a(lib_a-memmove.o)
 .data          0x400178fc        0x0 C:\CodeSourcery\Sourcery G++ Lite/arm-none-eabi/lib\libc.a(lib_a-memset.o)
 .data          0x400178fc        0x0 C:\CodeSourcery\Sourcery G++ Lite/arm-none-eabi/lib\libc.a(lib_a-reallocr.o)
 .data          0x400178fc        0x0 C:\CodeSourcery\Sourcery G++ Lite/lib/gcc/arm-none-eabi/4.8.1\libgcc.a(_udivsi3.o)
 .data          0x400178fc        0x0 C:\CodeSourcery\Sourcery G++ Lite/lib/gcc/arm-none-eabi/4.8.1\libgcc.a(_dvmd_tls.o)
 .data          0x400178fc        0x0 C:\CodeSourcery\Sourcery G++ Lite/lib/gcc/arm-none-eabi/4.8.1\libgcc.a(_arm_addsubdf3.o)
 .data          0x400178fc        0x0 C:\CodeSourcery\Sourcery G++ Lite/lib/gcc/arm-none-eabi/4.8.1\libgcc.a(_arm_muldivdf3.o)
 .data          0x400178fc        0x0 C:\CodeSourcery\Sourcery G++ Lite/lib/gcc/arm-none-eabi/4.8.1\libgcc.a(_arm_cmpdf2.o)
 .data          0x400178fc        0x0 C:\CodeSourcery\Sourcery G++ Lite/lib/gcc/arm-none-eabi/4.8.1\libgcc.a(_arm_fixdfsi.o)
 .data          0x400178fc        0x0 C:\CodeSourcery\Sourcery G++ Lite/lib/gcc/arm-none-eabi/4.8.1\libgcc.a(_aeabi_uldivmod.o)
 .data          0x400178fc        0x0 C:\CodeSourcery\Sourcery G++ Lite/lib/gcc/arm-none-eabi/4.8.1\libgcc.a(bpabi.o)
 .data          0x400178fc        0x0 C:\CodeSourcery\Sourcery G++ Lite/lib/gcc/arm-none-eabi/4.8.1\libgcc.a(_divdi3.o)
 .data          0x400178fc        0x0 C:\CodeSourcery\Sourcery G++ Lite/lib/gcc/arm-none-eabi/4.8.1\libgcc.a(_udivdi3.o)
 .data          0x400178fc        0x0 C:\CodeSourcery\Sourcery G++ Lite/lib/gcc/arm-none-eabi/4.8.1\libgcc.a(_clzsi2.o)
 *(.data.*)
                0x400178fc                . = ALIGN (0x4)
                0x400178fc                __RW_LIMIT__ = .

.igot.plt       0x400178fc        0x0
 .igot.plt      0x00000000        0x0 Exception.o

.bss            0x40017900      0x128
                0x40017900                __ZI_BASE__ = .
 *(.bss)
 .bss           0x40017900       0x18 Exception.o
                0x40017900                sd_insert_flag
                0x40017904                sd_rd_buffer_flag
                0x40017908                sd_wr_buffer_flag
                0x4001790c                sd_tr_flag
                0x40017910                sd_command_complete_flag
 .bss           0x40017918        0x0 cp15.o
 .bss           0x40017918        0x0 gic.o
 .bss           0x40017918       0xb8 graphics.o
                0x40017918                pLcdFb
                0x4001791c                ArrWinInfo
                0x400179bc                Selected_win
                0x400179c0                Selected_frame
                0x400179c8                Display_frame
 .bss           0x400179d0        0x0 key.o
 .bss           0x400179d0        0x0 led.o
 .bss           0x400179d0        0x0 main.o
 .bss           0x400179d0        0xc pcb_allocator.o
                0x400179d0                ptr_PCB_Creator
                0x400179d4                ptr_PCB_Current
                0x400179d8                ptr_PCB_Head
 .bss           0x400179dc        0x4 runtime.o
 .bss           0x400179e0        0x2 sdhc.o
                0x400179e0                sd_rca
 .bss           0x400179e2        0x0 timer.o
 .bss           0x400179e2        0x0 uart.o
 .bss           0x400179e2        0x0 asm_function.o
 .bss           0x400179e2        0x0 cp15a.o
 .bss           0x400179e2        0x0 crt0.o
 .bss           0x400179e2        0x0 C:\CodeSourcery\Sourcery G++ Lite/arm-none-eabi/lib\libc.a(lib_a-atoi.o)
 .bss           0x400179e2        0x0 C:\CodeSourcery\Sourcery G++ Lite/arm-none-eabi/lib\libc.a(lib_a-ctype_.o)
 .bss           0x400179e2        0x0 C:\CodeSourcery\Sourcery G++ Lite/arm-none-eabi/lib\libc.a(lib_a-malloc.o)
 *fill*         0x400179e2        0x2 
 .bss           0x400179e4       0x34 C:\CodeSourcery\Sourcery G++ Lite/arm-none-eabi/lib\libc.a(lib_a-mallocr.o)
                0x400179e4                __malloc_top_pad
                0x400179e8                __malloc_current_mallinfo
                0x40017a10                __malloc_max_sbrked_mem
                0x40017a14                __malloc_max_total_mem
 .bss           0x40017a18        0x0 C:\CodeSourcery\Sourcery G++ Lite/arm-none-eabi/lib\libc.a(lib_a-mlock.o)
 .bss           0x40017a18        0x0 C:\CodeSourcery\Sourcery G++ Lite/arm-none-eabi/lib\libc.a(lib_a-sbrkr.o)
 .bss           0x40017a18        0x0 C:\CodeSourcery\Sourcery G++ Lite/arm-none-eabi/lib\libc.a(lib_a-strlen.o)
 .bss           0x40017a18        0x0 C:\CodeSourcery\Sourcery G++ Lite/arm-none-eabi/lib\libc.a(lib_a-strtol.o)
 .bss           0x40017a18        0x0 C:\CodeSourcery\Sourcery G++ Lite/arm-none-eabi/lib\libc.a(lib_a-vsprintf.o)
 .bss           0x40017a18        0x0 C:\CodeSourcery\Sourcery G++ Lite/arm-none-eabi/lib\libc.a(lib_a-freer.o)
 .bss           0x40017a18        0x0 C:\CodeSourcery\Sourcery G++ Lite/arm-none-eabi/lib\libc.a(lib_a-impure.o)
 .bss           0x40017a18        0x0 C:\CodeSourcery\Sourcery G++ Lite/arm-none-eabi/lib\libc.a(lib_a-reent.o)
 .bss           0x40017a18        0x0 C:\CodeSourcery\Sourcery G++ Lite/arm-none-eabi/lib\libc.a(lib_a-svfprintf.o)
 .bss           0x40017a18        0x0 C:\CodeSourcery\Sourcery G++ Lite/arm-none-eabi/lib\libc.a(lib_a-dtoa.o)
 .bss           0x40017a18        0xc C:\CodeSourcery\Sourcery G++ Lite/arm-none-eabi/lib\libc.a(lib_a-locale.o)
                0x40017a18                _PathLocale
                0x40017a1c                __mlocale_changed
                0x40017a20                __nlocale_changed
 .bss           0x40017a24        0x0 C:\CodeSourcery\Sourcery G++ Lite/arm-none-eabi/lib\libc.a(lib_a-memchr-stub.o)
 .bss           0x40017a24        0x0 C:\CodeSourcery\Sourcery G++ Lite/arm-none-eabi/lib\libc.a(lib_a-memcpy-stub.o)
 .bss           0x40017a24        0x0 C:\CodeSourcery\Sourcery G++ Lite/arm-none-eabi/lib\libc.a(lib_a-mprec.o)
 .bss           0x40017a24        0x0 C:\CodeSourcery\Sourcery G++ Lite/arm-none-eabi/lib\libc.a(lib_a-s_fpclassify.o)
 .bss           0x40017a24        0x0 C:\CodeSourcery\Sourcery G++ Lite/arm-none-eabi/lib\libc.a(lib_a-strcmp.o)
 .bss           0x40017a24        0x0 C:\CodeSourcery\Sourcery G++ Lite/arm-none-eabi/lib\libc.a(lib_a-svfiprintf.o)
 .bss           0x40017a24        0x0 C:\CodeSourcery\Sourcery G++ Lite/arm-none-eabi/lib\libc.a(lib_a-callocr.o)
 .bss           0x40017a24        0x0 C:\CodeSourcery\Sourcery G++ Lite/arm-none-eabi/lib\libc.a(lib_a-memmove.o)
 .bss           0x40017a24        0x0 C:\CodeSourcery\Sourcery G++ Lite/arm-none-eabi/lib\libc.a(lib_a-memset.o)
 .bss           0x40017a24        0x0 C:\CodeSourcery\Sourcery G++ Lite/arm-none-eabi/lib\libc.a(lib_a-reallocr.o)
 .bss           0x40017a24        0x0 C:\CodeSourcery\Sourcery G++ Lite/lib/gcc/arm-none-eabi/4.8.1\libgcc.a(_udivsi3.o)
 .bss           0x40017a24        0x0 C:\CodeSourcery\Sourcery G++ Lite/lib/gcc/arm-none-eabi/4.8.1\libgcc.a(_dvmd_tls.o)
 .bss           0x40017a24        0x0 C:\CodeSourcery\Sourcery G++ Lite/lib/gcc/arm-none-eabi/4.8.1\libgcc.a(_arm_addsubdf3.o)
 .bss           0x40017a24        0x0 C:\CodeSourcery\Sourcery G++ Lite/lib/gcc/arm-none-eabi/4.8.1\libgcc.a(_arm_muldivdf3.o)
 .bss           0x40017a24        0x0 C:\CodeSourcery\Sourcery G++ Lite/lib/gcc/arm-none-eabi/4.8.1\libgcc.a(_arm_cmpdf2.o)
 .bss           0x40017a24        0x0 C:\CodeSourcery\Sourcery G++ Lite/lib/gcc/arm-none-eabi/4.8.1\libgcc.a(_arm_fixdfsi.o)
 .bss           0x40017a24        0x0 C:\CodeSourcery\Sourcery G++ Lite/lib/gcc/arm-none-eabi/4.8.1\libgcc.a(_aeabi_uldivmod.o)
 .bss           0x40017a24        0x0 C:\CodeSourcery\Sourcery G++ Lite/lib/gcc/arm-none-eabi/4.8.1\libgcc.a(bpabi.o)
 .bss           0x40017a24        0x0 C:\CodeSourcery\Sourcery G++ Lite/lib/gcc/arm-none-eabi/4.8.1\libgcc.a(_divdi3.o)
 .bss           0x40017a24        0x0 C:\CodeSourcery\Sourcery G++ Lite/lib/gcc/arm-none-eabi/4.8.1\libgcc.a(_udivdi3.o)
 .bss           0x40017a24        0x0 C:\CodeSourcery\Sourcery G++ Lite/lib/gcc/arm-none-eabi/4.8.1\libgcc.a(_clzsi2.o)
 *(.bss.*)
                0x40017a24                . = ALIGN (0x4)
                0x40017a24                __ZI_LIMIT__ = .
 COMMON         0x40017a24        0x4 C:\CodeSourcery\Sourcery G++ Lite/arm-none-eabi/lib\libc.a(lib_a-reent.o)
                0x40017a24                errno
OUTPUT(dram_0x40000000.elf elf32-littlearm)

.debug_info     0x00000000     0x50b4
 .debug_info    0x00000000      0x5da Exception.o
 .debug_info    0x000005da     0x1613 cp15.o
 .debug_info    0x00001bed      0x390 gic.o
 .debug_info    0x00001f7d     0x163b graphics.o
 .debug_info    0x000035b8      0x244 key.o
 .debug_info    0x000037fc       0xd7 led.o
 .debug_info    0x000038d3      0x4e1 main.o
 .debug_info    0x00003db4      0x22e pcb_allocator.o
 .debug_info    0x00003fe2      0x172 runtime.o
 .debug_info    0x00004154      0x693 sdhc.o
 .debug_info    0x000047e7      0x19c timer.o
 .debug_info    0x00004983      0x5e1 uart.o
 .debug_info    0x00004f64       0x75 asm_function.o
 .debug_info    0x00004fd9       0x6e cp15a.o
 .debug_info    0x00005047       0x6d crt0.o

.debug_abbrev   0x00000000     0x13f6
 .debug_abbrev  0x00000000      0x130 Exception.o
 .debug_abbrev  0x00000130      0x2ed cp15.o
 .debug_abbrev  0x0000041d       0xc0 gic.o
 .debug_abbrev  0x000004dd      0x370 graphics.o
 .debug_abbrev  0x0000084d      0x112 key.o
 .debug_abbrev  0x0000095f       0x95 led.o
 .debug_abbrev  0x000009f4      0x153 main.o
 .debug_abbrev  0x00000b47      0x178 pcb_allocator.o
 .debug_abbrev  0x00000cbf       0xf3 runtime.o
 .debug_abbrev  0x00000db2      0x279 sdhc.o
 .debug_abbrev  0x0000102b       0xc4 timer.o
 .debug_abbrev  0x000010ef      0x2cb uart.o
 .debug_abbrev  0x000013ba       0x14 asm_function.o
 .debug_abbrev  0x000013ce       0x14 cp15a.o
 .debug_abbrev  0x000013e2       0x14 crt0.o

.debug_loc      0x00000000     0x5353
 .debug_loc     0x00000000      0x268 Exception.o
 .debug_loc     0x00000268     0x1c97 cp15.o
 .debug_loc     0x00001eff      0x2fc gic.o
 .debug_loc     0x000021fb     0x2911 graphics.o
 .debug_loc     0x00004b0c       0x5b key.o
 .debug_loc     0x00004b67       0x21 led.o
 .debug_loc     0x00004b88       0xf1 main.o
 .debug_loc     0x00004c79       0x78 pcb_allocator.o
 .debug_loc     0x00004cf1       0x41 runtime.o
 .debug_loc     0x00004d32      0x1cc sdhc.o
 .debug_loc     0x00004efe       0x95 timer.o
 .debug_loc     0x00004f93      0x3c0 uart.o

.debug_aranges  0x00000000      0x1e0
 .debug_aranges
                0x00000000       0x20 Exception.o
 .debug_aranges
                0x00000020       0x20 cp15.o
 .debug_aranges
                0x00000040       0x20 gic.o
 .debug_aranges
                0x00000060       0x20 graphics.o
 .debug_aranges
                0x00000080       0x20 key.o
 .debug_aranges
                0x000000a0       0x20 led.o
 .debug_aranges
                0x000000c0       0x20 main.o
 .debug_aranges
                0x000000e0       0x20 pcb_allocator.o
 .debug_aranges
                0x00000100       0x20 runtime.o
 .debug_aranges
                0x00000120       0x20 sdhc.o
 .debug_aranges
                0x00000140       0x20 timer.o
 .debug_aranges
                0x00000160       0x20 uart.o
 .debug_aranges
                0x00000180       0x20 asm_function.o
 .debug_aranges
                0x000001a0       0x20 cp15a.o
 .debug_aranges
                0x000001c0       0x20 crt0.o

.debug_line     0x00000000     0x1720
 .debug_line    0x00000000       0xc5 Exception.o
 .debug_line    0x000000c5      0x287 cp15.o
 .debug_line    0x0000034c       0x75 gic.o
 .debug_line    0x000003c1      0x75b graphics.o
 .debug_line    0x00000b1c       0x7d key.o
 .debug_line    0x00000b99       0x37 led.o
 .debug_line    0x00000bd0       0xb2 main.o
 .debug_line    0x00000c82      0x11d pcb_allocator.o
 .debug_line    0x00000d9f       0xa1 runtime.o
 .debug_line    0x00000e40      0x332 sdhc.o
 .debug_line    0x00001172       0x7e timer.o
 .debug_line    0x000011f0      0x288 uart.o
 .debug_line    0x00001478       0x6e asm_function.o
 .debug_line    0x000014e6      0x189 cp15a.o
 .debug_line    0x0000166f       0xb1 crt0.o

.debug_str      0x00000000      0xe7e
 .debug_str     0x00000000      0x2c0 Exception.o
                                0x303 (size before relaxing)
 .debug_str     0x000002c0      0x363 cp15.o
                                0x46b (size before relaxing)
 .debug_str     0x00000623      0x157 gic.o
                                0x30b (size before relaxing)
 .debug_str     0x0000077a      0x2fa graphics.o
                                0x4b5 (size before relaxing)
 .debug_str     0x00000a74       0x6f key.o
                                0x256 (size before relaxing)
 .debug_str     0x00000ae3        0xf led.o
                                0x1a3 (size before relaxing)
 .debug_str     0x00000af2       0x5e main.o
                                0x36a (size before relaxing)
 .debug_str     0x00000b50       0xc5 pcb_allocator.o
                                0x24d (size before relaxing)
 .debug_str     0x00000c15       0x78 runtime.o
                                0x206 (size before relaxing)
 .debug_str     0x00000c8d      0x11b sdhc.o
                                0x380 (size before relaxing)
 .debug_str     0x00000da8       0x1b timer.o
                                0x213 (size before relaxing)
 .debug_str     0x00000dc3       0xbb uart.o
                                0x32a (size before relaxing)

.comment        0x00000000       0x30
 .comment       0x00000000       0x30 Exception.o
                                 0x31 (size before relaxing)
 .comment       0x00000000       0x31 cp15.o
 .comment       0x00000000       0x31 gic.o
 .comment       0x00000000       0x31 graphics.o
 .comment       0x00000000       0x31 key.o
 .comment       0x00000000       0x31 led.o
 .comment       0x00000000       0x31 main.o
 .comment       0x00000000       0x31 pcb_allocator.o
 .comment       0x00000000       0x31 runtime.o
 .comment       0x00000000       0x31 sdhc.o
 .comment       0x00000000       0x31 timer.o
 .comment       0x00000000       0x31 uart.o

.ARM.attributes
                0x00000000       0x3d
 .ARM.attributes
                0x00000000       0x3f Exception.o
 .ARM.attributes
                0x0000003f       0x3f cp15.o
 .ARM.attributes
                0x0000007e       0x3f gic.o
 .ARM.attributes
                0x000000bd       0x3f graphics.o
 .ARM.attributes
                0x000000fc       0x3f key.o
 .ARM.attributes
                0x0000013b       0x3f led.o
 .ARM.attributes
                0x0000017a       0x3f main.o
 .ARM.attributes
                0x000001b9       0x3f pcb_allocator.o
 .ARM.attributes
                0x000001f8       0x3f runtime.o
 .ARM.attributes
                0x00000237       0x3f sdhc.o
 .ARM.attributes
                0x00000276       0x3f timer.o
 .ARM.attributes
                0x000002b5       0x3f uart.o
 .ARM.attributes
                0x000002f4       0x2b asm_function.o
 .ARM.attributes
                0x0000031f       0x2b cp15a.o
 .ARM.attributes
                0x0000034a       0x2b crt0.o
 .ARM.attributes
                0x00000375       0x30 C:\CodeSourcery\Sourcery G++ Lite/arm-none-eabi/lib\libc.a(lib_a-atoi.o)
 .ARM.attributes
                0x000003a5       0x30 C:\CodeSourcery\Sourcery G++ Lite/arm-none-eabi/lib\libc.a(lib_a-ctype_.o)
 .ARM.attributes
                0x000003d5       0x30 C:\CodeSourcery\Sourcery G++ Lite/arm-none-eabi/lib\libc.a(lib_a-malloc.o)
 .ARM.attributes
                0x00000405       0x30 C:\CodeSourcery\Sourcery G++ Lite/arm-none-eabi/lib\libc.a(lib_a-mallocr.o)
 .ARM.attributes
                0x00000435       0x30 C:\CodeSourcery\Sourcery G++ Lite/arm-none-eabi/lib\libc.a(lib_a-mlock.o)
 .ARM.attributes
                0x00000465       0x30 C:\CodeSourcery\Sourcery G++ Lite/arm-none-eabi/lib\libc.a(lib_a-sbrkr.o)
 .ARM.attributes
                0x00000495       0x30 C:\CodeSourcery\Sourcery G++ Lite/arm-none-eabi/lib\libc.a(lib_a-strlen.o)
 .ARM.attributes
                0x000004c5       0x30 C:\CodeSourcery\Sourcery G++ Lite/arm-none-eabi/lib\libc.a(lib_a-strtol.o)
 .ARM.attributes
                0x000004f5       0x30 C:\CodeSourcery\Sourcery G++ Lite/arm-none-eabi/lib\libc.a(lib_a-vsprintf.o)
 .ARM.attributes
                0x00000525       0x30 C:\CodeSourcery\Sourcery G++ Lite/arm-none-eabi/lib\libc.a(lib_a-freer.o)
 .ARM.attributes
                0x00000555       0x30 C:\CodeSourcery\Sourcery G++ Lite/arm-none-eabi/lib\libc.a(lib_a-impure.o)
 .ARM.attributes
                0x00000585       0x30 C:\CodeSourcery\Sourcery G++ Lite/arm-none-eabi/lib\libc.a(lib_a-reent.o)
 .ARM.attributes
                0x000005b5       0x30 C:\CodeSourcery\Sourcery G++ Lite/arm-none-eabi/lib\libc.a(lib_a-svfprintf.o)
 .ARM.attributes
                0x000005e5       0x30 C:\CodeSourcery\Sourcery G++ Lite/arm-none-eabi/lib\libc.a(lib_a-dtoa.o)
 .ARM.attributes
                0x00000615       0x30 C:\CodeSourcery\Sourcery G++ Lite/arm-none-eabi/lib\libc.a(lib_a-locale.o)
 .ARM.attributes
                0x00000645       0x30 C:\CodeSourcery\Sourcery G++ Lite/arm-none-eabi/lib\libc.a(lib_a-memchr-stub.o)
 .ARM.attributes
                0x00000675       0x30 C:\CodeSourcery\Sourcery G++ Lite/arm-none-eabi/lib\libc.a(lib_a-memcpy-stub.o)
 .ARM.attributes
                0x000006a5       0x30 C:\CodeSourcery\Sourcery G++ Lite/arm-none-eabi/lib\libc.a(lib_a-mprec.o)
 .ARM.attributes
                0x000006d5       0x30 C:\CodeSourcery\Sourcery G++ Lite/arm-none-eabi/lib\libc.a(lib_a-s_fpclassify.o)
 .ARM.attributes
                0x00000705       0x16 C:\CodeSourcery\Sourcery G++ Lite/arm-none-eabi/lib\libc.a(lib_a-strcmp.o)
 .ARM.attributes
                0x0000071b       0x30 C:\CodeSourcery\Sourcery G++ Lite/arm-none-eabi/lib\libc.a(lib_a-svfiprintf.o)
 .ARM.attributes
                0x0000074b       0x30 C:\CodeSourcery\Sourcery G++ Lite/arm-none-eabi/lib\libc.a(lib_a-callocr.o)
 .ARM.attributes
                0x0000077b       0x30 C:\CodeSourcery\Sourcery G++ Lite/arm-none-eabi/lib\libc.a(lib_a-memmove.o)
 .ARM.attributes
                0x000007ab       0x30 C:\CodeSourcery\Sourcery G++ Lite/arm-none-eabi/lib\libc.a(lib_a-memset.o)
 .ARM.attributes
                0x000007db       0x30 C:\CodeSourcery\Sourcery G++ Lite/arm-none-eabi/lib\libc.a(lib_a-reallocr.o)
 .ARM.attributes
                0x0000080b       0x18 C:\CodeSourcery\Sourcery G++ Lite/lib/gcc/arm-none-eabi/4.8.1\libgcc.a(_udivsi3.o)
 .ARM.attributes
                0x00000823       0x18 C:\CodeSourcery\Sourcery G++ Lite/lib/gcc/arm-none-eabi/4.8.1\libgcc.a(_dvmd_tls.o)
 .ARM.attributes
                0x0000083b       0x18 C:\CodeSourcery\Sourcery G++ Lite/lib/gcc/arm-none-eabi/4.8.1\libgcc.a(_arm_addsubdf3.o)
 .ARM.attributes
                0x00000853       0x18 C:\CodeSourcery\Sourcery G++ Lite/lib/gcc/arm-none-eabi/4.8.1\libgcc.a(_arm_muldivdf3.o)
 .ARM.attributes
                0x0000086b       0x18 C:\CodeSourcery\Sourcery G++ Lite/lib/gcc/arm-none-eabi/4.8.1\libgcc.a(_arm_cmpdf2.o)
 .ARM.attributes
                0x00000883       0x18 C:\CodeSourcery\Sourcery G++ Lite/lib/gcc/arm-none-eabi/4.8.1\libgcc.a(_arm_fixdfsi.o)
 .ARM.attributes
                0x0000089b       0x18 C:\CodeSourcery\Sourcery G++ Lite/lib/gcc/arm-none-eabi/4.8.1\libgcc.a(_aeabi_uldivmod.o)
 .ARM.attributes
                0x000008b3       0x30 C:\CodeSourcery\Sourcery G++ Lite/lib/gcc/arm-none-eabi/4.8.1\libgcc.a(bpabi.o)
 .ARM.attributes
                0x000008e3       0x30 C:\CodeSourcery\Sourcery G++ Lite/lib/gcc/arm-none-eabi/4.8.1\libgcc.a(_divdi3.o)
 .ARM.attributes
                0x00000913       0x30 C:\CodeSourcery\Sourcery G++ Lite/lib/gcc/arm-none-eabi/4.8.1\libgcc.a(_udivdi3.o)
 .ARM.attributes
                0x00000943       0x18 C:\CodeSourcery\Sourcery G++ Lite/lib/gcc/arm-none-eabi/4.8.1\libgcc.a(_clzsi2.o)

.debug_frame    0x00000000     0x14c4
 .debug_frame   0x00000000      0x190 Exception.o
 .debug_frame   0x00000190      0x278 cp15.o
 .debug_frame   0x00000408       0xd0 gic.o
 .debug_frame   0x000004d8      0x2cc graphics.o
 .debug_frame   0x000007a4       0x84 key.o
 .debug_frame   0x00000828       0x30 led.o
 .debug_frame   0x00000858       0x5c main.o
 .debug_frame   0x000008b4       0x88 pcb_allocator.o
 .debug_frame   0x0000093c       0x74 runtime.o
 .debug_frame   0x000009b0      0x178 sdhc.o
 .debug_frame   0x00000b28       0x40 timer.o
 .debug_frame   0x00000b68      0x114 uart.o
 .debug_frame   0x00000c7c       0x40 C:\CodeSourcery\Sourcery G++ Lite/arm-none-eabi/lib\libc.a(lib_a-atoi.o)
 .debug_frame   0x00000cbc       0x40 C:\CodeSourcery\Sourcery G++ Lite/arm-none-eabi/lib\libc.a(lib_a-malloc.o)
 .debug_frame   0x00000cfc       0x38 C:\CodeSourcery\Sourcery G++ Lite/arm-none-eabi/lib\libc.a(lib_a-mallocr.o)
 .debug_frame   0x00000d34       0x30 C:\CodeSourcery\Sourcery G++ Lite/arm-none-eabi/lib\libc.a(lib_a-mlock.o)
 .debug_frame   0x00000d64       0x2c C:\CodeSourcery\Sourcery G++ Lite/arm-none-eabi/lib\libc.a(lib_a-sbrkr.o)
 .debug_frame   0x00000d90       0x20 C:\CodeSourcery\Sourcery G++ Lite/arm-none-eabi/lib\libc.a(lib_a-strlen.o)
 .debug_frame   0x00000db0       0x50 C:\CodeSourcery\Sourcery G++ Lite/arm-none-eabi/lib\libc.a(lib_a-strtol.o)
 .debug_frame   0x00000e00       0x44 C:\CodeSourcery\Sourcery G++ Lite/arm-none-eabi/lib\libc.a(lib_a-vsprintf.o)
 .debug_frame   0x00000e44       0x50 C:\CodeSourcery\Sourcery G++ Lite/arm-none-eabi/lib\libc.a(lib_a-freer.o)
 .debug_frame   0x00000e94       0x48 C:\CodeSourcery\Sourcery G++ Lite/arm-none-eabi/lib\libc.a(lib_a-reent.o)
 .debug_frame   0x00000edc       0x3c C:\CodeSourcery\Sourcery G++ Lite/arm-none-eabi/lib\libc.a(lib_a-svfprintf.o)
 .debug_frame   0x00000f18       0x64 C:\CodeSourcery\Sourcery G++ Lite/arm-none-eabi/lib\libc.a(lib_a-dtoa.o)
 .debug_frame   0x00000f7c       0x98 C:\CodeSourcery\Sourcery G++ Lite/arm-none-eabi/lib\libc.a(lib_a-locale.o)
 .debug_frame   0x00001014       0x2c C:\CodeSourcery\Sourcery G++ Lite/arm-none-eabi/lib\libc.a(lib_a-memchr-stub.o)
 .debug_frame   0x00001040       0x2c C:\CodeSourcery\Sourcery G++ Lite/arm-none-eabi/lib\libc.a(lib_a-memcpy-stub.o)
 .debug_frame   0x0000106c      0x20c C:\CodeSourcery\Sourcery G++ Lite/arm-none-eabi/lib\libc.a(lib_a-mprec.o)
 .debug_frame   0x00001278       0x20 C:\CodeSourcery\Sourcery G++ Lite/arm-none-eabi/lib\libc.a(lib_a-s_fpclassify.o)
 .debug_frame   0x00001298       0x64 C:\CodeSourcery\Sourcery G++ Lite/arm-none-eabi/lib\libc.a(lib_a-svfiprintf.o)
 .debug_frame   0x000012fc       0x28 C:\CodeSourcery\Sourcery G++ Lite/arm-none-eabi/lib\libc.a(lib_a-callocr.o)
 .debug_frame   0x00001324       0x2c C:\CodeSourcery\Sourcery G++ Lite/arm-none-eabi/lib\libc.a(lib_a-memmove.o)
 .debug_frame   0x00001350       0x2c C:\CodeSourcery\Sourcery G++ Lite/arm-none-eabi/lib\libc.a(lib_a-memset.o)
 .debug_frame   0x0000137c       0x38 C:\CodeSourcery\Sourcery G++ Lite/arm-none-eabi/lib\libc.a(lib_a-reallocr.o)
 .debug_frame   0x000013b4       0x20 C:\CodeSourcery\Sourcery G++ Lite/lib/gcc/arm-none-eabi/4.8.1\libgcc.a(_udivsi3.o)
 .debug_frame   0x000013d4       0x28 C:\CodeSourcery\Sourcery G++ Lite/lib/gcc/arm-none-eabi/4.8.1\libgcc.a(_aeabi_uldivmod.o)
 .debug_frame   0x000013fc       0x58 C:\CodeSourcery\Sourcery G++ Lite/lib/gcc/arm-none-eabi/4.8.1\libgcc.a(bpabi.o)
 .debug_frame   0x00001454       0x38 C:\CodeSourcery\Sourcery G++ Lite/lib/gcc/arm-none-eabi/4.8.1\libgcc.a(_divdi3.o)
 .debug_frame   0x0000148c       0x38 C:\CodeSourcery\Sourcery G++ Lite/lib/gcc/arm-none-eabi/4.8.1\libgcc.a(_udivdi3.o)

.debug_ranges   0x00000000      0xde8
 .debug_ranges  0x00000000      0x758 cp15.o
 .debug_ranges  0x00000758      0x3b8 graphics.o
 .debug_ranges  0x00000b10       0x28 pcb_allocator.o
 .debug_ranges  0x00000b38      0x1d0 sdhc.o
 .debug_ranges  0x00000d08       0xe0 uart.o

Cross Reference Table

Symbol                                            File
App_Read                                          main.o
ArrFbSel                                          graphics.o
ArrWinInfo                                        graphics.o
                                                  main.o
CoCleanAndInvalidateDCacheIndex                   cp15a.o
                                                  cp15.o
CoCleanAndInvalidateDCacheVA                      cp15a.o
CoCleanDCacheIndex                                cp15a.o
CoCleanDCacheVA                                   cp15a.o
CoClrIF                                           cp15a.o
CoCopyFromL2Cache                                 cp15a.o
CoCopyToL2Cache                                   cp15a.o
CoDataSyncBarrier                                 cp15a.o
CoDisableAlignFault                               cp15a.o
CoDisableBranchPrediction                         cp15a.o
                                                  cp15.o
CoDisableDCache                                   cp15a.o
                                                  cp15.o
CoDisableFiq                                      cp15a.o
CoDisableICache                                   cp15a.o
                                                  cp15.o
CoDisableIrq                                      cp15a.o
CoDisableL2PrefetchHint                           cp15a.o
                                                  cp15.o
CoDisableMmu                                      cp15a.o
                                                  cp15.o
CoDisableUnalignedAccess                          cp15a.o
CoDisableVectoredInt                              cp15a.o
CoEnableAlignFault                                cp15a.o
CoEnableBranchPrediction                          cp15a.o
                                                  cp15.o
CoEnableDCache                                    cp15a.o
                                                  cp15.o
CoEnableFiq                                       cp15a.o
CoEnableICache                                    cp15a.o
                                                  cp15.o
CoEnableIrq                                       cp15a.o
CoEnableL2PrefetchHint                            cp15a.o
                                                  cp15.o
CoEnableMmu                                       cp15a.o
                                                  cp15.o
CoEnableNeon                                      cp15a.o
CoEnableUnalignedAccess                           cp15a.o
CoEnableVectoredInt                               cp15a.o
CoEnableVfp                                       cp15a.o
CoGetCacheSizeID                                  cp15a.o
CoGetNormalMemRemapReg                            cp15a.o
CoGetOSReadPA                                     cp15a.o
                                                  cp15.o
CoGetOSWritePA                                    cp15a.o
                                                  cp15.o
CoGetPAfromVA                                     cp15.o
CoGetPAreg                                        cp15a.o
CoGetUserReadPA                                   cp15a.o
                                                  cp15.o
CoGetUserWritePA                                  cp15a.o
                                                  cp15.o
CoInitMmuAndL1L2Cache                             cp15.o
                                                  main.o
CoInvalidateBothCaches                            cp15a.o
CoInvalidateDCache                                cp15a.o
CoInvalidateDCacheForV7                           cp15a.o
CoInvalidateDCacheIndex                           cp15a.o
                                                  cp15.o
CoInvalidateDCacheVA                              cp15a.o
CoInvalidateDTlb                                  cp15a.o
CoInvalidateDTlbASID                              cp15a.o
CoInvalidateDTlbVA                                cp15a.o
CoInvalidateICache                                cp15a.o
                                                  cp15.o
CoInvalidateITlb                                  cp15a.o
CoInvalidateITlbASID                              cp15a.o
CoInvalidateITlbVA                                cp15a.o
CoInvalidateMainTlb                               cp15a.o
                                                  main.o
                                                  cp15.o
CoInvalidateMainTlbASID                           cp15a.o
CoInvalidateMainTlbVA                             cp15a.o
CoLockL2Cache                                     cp15a.o
CoNonSecureAccCtrl                                cp15a.o
CoPrefetchICacheLineVA                            cp15a.o
CoReadCCSIDR                                      cp15a.o
CoReadCLIDR                                       cp15a.o
CoReadCSSELR                                      cp15a.o
CoReadCTR                                         cp15a.o
CoSelTTBReg0                                      cp15a.o
CoSetASID                                         cp15a.o
CoSetAsyncBusMode                                 cp15a.o
CoSetDCacheLockdownBase                           cp15a.o
CoSetDTlbLockdown                                 cp15a.o
CoSetDomain                                       cp15a.o
                                                  cp15.o
CoSetExceptonVectoerBase                          cp15a.o
CoSetFastBusMode                                  cp15a.o
CoSetICacheLockdownBase                           cp15a.o
CoSetIF                                           cp15a.o
CoSetITlbLockdown                                 cp15a.o
CoSetL2CacheAuxCrtlReg                            cp15a.o
CoSetL2CacheLines                                 cp15a.o
CoSetMpll                                         cp15a.o
CoSetProcessId                                    cp15a.o
CoSetTTBase                                       cp15a.o
                                                  cp15.o
CoStartMmuAndDCache                               cp15.o
CoStartMmuAndL1L2Cache                            cp15.o
CoStopMmuAndL1L2Cache                             cp15.o
CoStopPLE                                         cp15a.o
CoUnLockL2Cache                                   cp15a.o
CoWaitForInterrupt                                cp15a.o
CoWrIF                                            cp15a.o
DABT_Falut_Address                                asm_function.o
                                                  Exception.o
DABT_Falut_Status                                 asm_function.o
                                                  Exception.o
Dabort_Handler                                    Exception.o
                                                  crt0.o
Delay                                             runtime.o
Display_frame                                     graphics.o
GIC_CPU_Interface_Enable                          gic.o
                                                  main.o
GIC_Clear_Pending_Clear                           gic.o
                                                  uart.o
                                                  sdhc.o
                                                  Exception.o
GIC_Distributor_Enable                            gic.o
                                                  main.o
GIC_Generate_SGI                                  gic.o
GIC_Interrupt_Disable                             gic.o
                                                  uart.o
                                                  timer.o
                                                  sdhc.o
                                                  key.o
GIC_Interrupt_Enable                              gic.o
                                                  uart.o
                                                  timer.o
                                                  sdhc.o
                                                  key.o
GIC_Read_INTACK                                   gic.o
GIC_Set_Interrupt_Priority                        gic.o
                                                  uart.o
                                                  timer.o
                                                  sdhc.o
                                                  key.o
GIC_Set_Priority_Mask                             gic.o
                                                  main.o
GIC_Set_Processor_Target                          gic.o
                                                  uart.o
                                                  timer.o
                                                  sdhc.o
                                                  key.o
GIC_Write_EOI                                     gic.o
                                                  Exception.o
Get_Heap_Base                                     runtime.o
Get_Heap_Limit                                    runtime.o
Get_SP                                            asm_function.o
Get_Stack_Base                                    runtime.o
Get_Stack_Limit                                   runtime.o
Get_User_SP                                       asm_function.o
Get_User_Stack_Base                               asm_function.o
Get_User_Stack_Limit                              asm_function.o
HanTable                                          graphics.o
ICCEOIR                                           gic.o
ICCIAR                                            gic.o
ICCICR                                            gic.o
ICCPMR                                            gic.o
ICDICER0                                          gic.o
ICDICERn                                          gic.o
ICDICPR0                                          gic.o
ICDIPR0                                           gic.o
ICDIPTR0                                          gic.o
ICDISER0                                          gic.o
ICDISERn                                          gic.o
ISR_Vector                                        Exception.o
                                                  crt0.o
Invalid_ISR                                       Exception.o
Key3_ISR                                          Exception.o
Key4_ISR                                          Exception.o
Key_Get_Key_Pressed                               key.o
Key_ISR_Enable                                    key.o
Key_ISR_Init                                      key.o
Key_Poll_Init                                     key.o
                                                  main.o
Key_Wait_Key_Pressed                              key.o
Key_Wait_Key_Released                             key.o
L2C_CleanAndInvalidate_All                        cp15.o
L2C_CleanAndInvalidate_PA                         cp15.o
L2C_CleanAndInvalidate_SetWay                     cp15.o
L2C_CleanAndInvalidate_VA                         cp15.o
L2C_CleanAndInvalidate_Way                        cp15.o
L2C_Clean_All                                     cp15.o
L2C_Clean_PA                                      cp15.o
L2C_Clean_SetWay                                  cp15.o
L2C_Clean_VA                                      cp15.o
L2C_Clean_Way                                     cp15.o
L2C_Disable                                       cp15.o
L2C_Enable                                        cp15.o
L2C_Invalidate_All                                cp15.o
L2C_Invalidate_PA                                 cp15.o
L2C_Invalidate_VA                                 cp15.o
L2C_Invalidate_Way                                cp15.o
LCD_Clock_Init                                    graphics.o
LED_Display                                       led.o
                                                  Exception.o
LED_Init                                          led.o
                                                  main.o
Lcd_Brightness_Control                            graphics.o
                                                  main.o
Lcd_Clr_Screen                                    graphics.o
Lcd_Draw_BMP                                      graphics.o
Lcd_Draw_BMP_File_24bpp                           graphics.o
Lcd_Draw_Back_Color                               graphics.o
                                                  main.o
Lcd_Draw_Bar                                      graphics.o
Lcd_Draw_Image                                    graphics.o
Lcd_Draw_Line                                     graphics.o
Lcd_Draw_STACK                                    graphics.o
Lcd_Eng_Putch                                     graphics.o
Lcd_Get_Info_BMP                                  graphics.o
Lcd_Get_Pixel                                     graphics.o
Lcd_Get_Pixel_Address                             graphics.o
Lcd_Han_Putch                                     graphics.o
Lcd_Init                                          graphics.o
                                                  main.o
Lcd_Printf                                        graphics.o
Lcd_Put_Pixel                                     graphics.o
Lcd_Puts                                          graphics.o
Lcd_Select_Display_Frame_Buffer                   graphics.o
                                                  main.o
Lcd_Select_Draw_Frame_Buffer                      graphics.o
                                                  main.o
Lcd_Win_Init                                      graphics.o
                                                  main.o
Main                                              main.o
                                                  crt0.o
Main_ID                                           asm_function.o
PABT_Falut_Address                                asm_function.o
                                                  Exception.o
PABT_Falut_Status                                 asm_function.o
                                                  Exception.o
Pabort_Handler                                    Exception.o
                                                  crt0.o
Run_App                                           asm_function.o
                                                  main.o
SDHC_ACMD41                                       sdhc.o
SDHC_ACMD6_4bit                                   sdhc.o
SDHC_BusPower_Control                             sdhc.o
SDHC_CMD0                                         sdhc.o
SDHC_CMD2                                         sdhc.o
SDHC_CMD3                                         sdhc.o
SDHC_CMD55                                        sdhc.o
SDHC_CMD7                                         sdhc.o
SDHC_CMD8                                         sdhc.o
SDHC_Card_Init                                    sdhc.o
SDHC_Change_Dat_Width_4bit                        sdhc.o
SDHC_Clock_Stop                                   sdhc.o
SDHC_Clock_Supply                                 sdhc.o
SDHC_ISR                                          Exception.o
SDHC_ISR_Enable                                   sdhc.o
SDHC_Init                                         sdhc.o
SDHC_Port_Init                                    sdhc.o
SD_Read_Sector                                    sdhc.o
                                                  main.o
SD_Write_Sector                                   sdhc.o
SVC_Handler                                       Exception.o
                                                  crt0.o
Selected_frame                                    graphics.o
Selected_win                                      graphics.o
SetTransTable                                     cp15.o
                                                  main.o
TLB_Type                                          asm_function.o
Timer0_Delay                                      timer.o
Timer0_ISR                                        Exception.o
Timer0_Int_Delay                                  timer.o
                                                  main.o
Uart1_GetIntNum                                   uart.o
Uart1_GetString                                   uart.o
Uart1_Get_Char                                    uart.o
                                                  main.o
Uart1_Get_Pressed                                 uart.o
Uart1_ISR                                         Exception.o
Uart1_ISR_Enable                                  uart.o
Uart1_Init                                        uart.o
                                                  main.o
Uart1_Printf                                      uart.o
                                                  main.o
                                                  graphics.o
                                                  Exception.o
Uart1_Send_Byte                                   uart.o
Uart1_Send_String                                 uart.o
Undef_Handler                                     Exception.o
                                                  crt0.o
_Balloc                                           C:\CodeSourcery\Sourcery G++ Lite/arm-none-eabi/lib\libc.a(lib_a-mprec.o)
                                                  C:\CodeSourcery\Sourcery G++ Lite/arm-none-eabi/lib\libc.a(lib_a-dtoa.o)
_Bfree                                            C:\CodeSourcery\Sourcery G++ Lite/arm-none-eabi/lib\libc.a(lib_a-mprec.o)
                                                  C:\CodeSourcery\Sourcery G++ Lite/arm-none-eabi/lib\libc.a(lib_a-dtoa.o)
_PathLocale                                       C:\CodeSourcery\Sourcery G++ Lite/arm-none-eabi/lib\libc.a(lib_a-locale.o)
__ZI_BASE__                                       crt0.o
__ZI_LIMIT__                                      crt0.o
                                                  runtime.o
__adddf3                                          C:\CodeSourcery\Sourcery G++ Lite/lib/gcc/arm-none-eabi/4.8.1\libgcc.a(_arm_addsubdf3.o)
__aeabi_cdcmpeq                                   C:\CodeSourcery\Sourcery G++ Lite/lib/gcc/arm-none-eabi/4.8.1\libgcc.a(_arm_cmpdf2.o)
__aeabi_cdcmple                                   C:\CodeSourcery\Sourcery G++ Lite/lib/gcc/arm-none-eabi/4.8.1\libgcc.a(_arm_cmpdf2.o)
__aeabi_cdrcmple                                  C:\CodeSourcery\Sourcery G++ Lite/lib/gcc/arm-none-eabi/4.8.1\libgcc.a(_arm_cmpdf2.o)
__aeabi_d2iz                                      C:\CodeSourcery\Sourcery G++ Lite/lib/gcc/arm-none-eabi/4.8.1\libgcc.a(_arm_fixdfsi.o)
                                                  C:\CodeSourcery\Sourcery G++ Lite/arm-none-eabi/lib\libc.a(lib_a-dtoa.o)
__aeabi_dadd                                      C:\CodeSourcery\Sourcery G++ Lite/lib/gcc/arm-none-eabi/4.8.1\libgcc.a(_arm_addsubdf3.o)
                                                  C:\CodeSourcery\Sourcery G++ Lite/arm-none-eabi/lib\libc.a(lib_a-dtoa.o)
__aeabi_dcmpeq                                    C:\CodeSourcery\Sourcery G++ Lite/lib/gcc/arm-none-eabi/4.8.1\libgcc.a(_arm_cmpdf2.o)
                                                  C:\CodeSourcery\Sourcery G++ Lite/arm-none-eabi/lib\libc.a(lib_a-dtoa.o)
                                                  C:\CodeSourcery\Sourcery G++ Lite/arm-none-eabi/lib\libc.a(lib_a-svfprintf.o)
__aeabi_dcmpge                                    C:\CodeSourcery\Sourcery G++ Lite/lib/gcc/arm-none-eabi/4.8.1\libgcc.a(_arm_cmpdf2.o)
                                                  C:\CodeSourcery\Sourcery G++ Lite/arm-none-eabi/lib\libc.a(lib_a-dtoa.o)
__aeabi_dcmpgt                                    C:\CodeSourcery\Sourcery G++ Lite/lib/gcc/arm-none-eabi/4.8.1\libgcc.a(_arm_cmpdf2.o)
                                                  C:\CodeSourcery\Sourcery G++ Lite/arm-none-eabi/lib\libc.a(lib_a-dtoa.o)
__aeabi_dcmple                                    C:\CodeSourcery\Sourcery G++ Lite/lib/gcc/arm-none-eabi/4.8.1\libgcc.a(_arm_cmpdf2.o)
__aeabi_dcmplt                                    C:\CodeSourcery\Sourcery G++ Lite/lib/gcc/arm-none-eabi/4.8.1\libgcc.a(_arm_cmpdf2.o)
                                                  C:\CodeSourcery\Sourcery G++ Lite/arm-none-eabi/lib\libc.a(lib_a-dtoa.o)
                                                  C:\CodeSourcery\Sourcery G++ Lite/arm-none-eabi/lib\libc.a(lib_a-svfprintf.o)
__aeabi_ddiv                                      C:\CodeSourcery\Sourcery G++ Lite/lib/gcc/arm-none-eabi/4.8.1\libgcc.a(_arm_muldivdf3.o)
                                                  C:\CodeSourcery\Sourcery G++ Lite/arm-none-eabi/lib\libc.a(lib_a-mprec.o)
                                                  C:\CodeSourcery\Sourcery G++ Lite/arm-none-eabi/lib\libc.a(lib_a-dtoa.o)
__aeabi_dmul                                      C:\CodeSourcery\Sourcery G++ Lite/lib/gcc/arm-none-eabi/4.8.1\libgcc.a(_arm_muldivdf3.o)
                                                  C:\CodeSourcery\Sourcery G++ Lite/arm-none-eabi/lib\libc.a(lib_a-mprec.o)
                                                  C:\CodeSourcery\Sourcery G++ Lite/arm-none-eabi/lib\libc.a(lib_a-dtoa.o)
__aeabi_drsub                                     C:\CodeSourcery\Sourcery G++ Lite/lib/gcc/arm-none-eabi/4.8.1\libgcc.a(_arm_addsubdf3.o)
__aeabi_dsub                                      C:\CodeSourcery\Sourcery G++ Lite/lib/gcc/arm-none-eabi/4.8.1\libgcc.a(_arm_addsubdf3.o)
                                                  C:\CodeSourcery\Sourcery G++ Lite/arm-none-eabi/lib\libc.a(lib_a-dtoa.o)
__aeabi_f2d                                       C:\CodeSourcery\Sourcery G++ Lite/lib/gcc/arm-none-eabi/4.8.1\libgcc.a(_arm_addsubdf3.o)
__aeabi_i2d                                       C:\CodeSourcery\Sourcery G++ Lite/lib/gcc/arm-none-eabi/4.8.1\libgcc.a(_arm_addsubdf3.o)
                                                  C:\CodeSourcery\Sourcery G++ Lite/arm-none-eabi/lib\libc.a(lib_a-dtoa.o)
__aeabi_idiv0                                     C:\CodeSourcery\Sourcery G++ Lite/lib/gcc/arm-none-eabi/4.8.1\libgcc.a(_dvmd_tls.o)
                                                  C:\CodeSourcery\Sourcery G++ Lite/lib/gcc/arm-none-eabi/4.8.1\libgcc.a(_udivsi3.o)
__aeabi_l2d                                       C:\CodeSourcery\Sourcery G++ Lite/lib/gcc/arm-none-eabi/4.8.1\libgcc.a(_arm_addsubdf3.o)
__aeabi_ldiv0                                     C:\CodeSourcery\Sourcery G++ Lite/lib/gcc/arm-none-eabi/4.8.1\libgcc.a(_dvmd_tls.o)
                                                  C:\CodeSourcery\Sourcery G++ Lite/lib/gcc/arm-none-eabi/4.8.1\libgcc.a(_aeabi_uldivmod.o)
__aeabi_ui2d                                      C:\CodeSourcery\Sourcery G++ Lite/lib/gcc/arm-none-eabi/4.8.1\libgcc.a(_arm_addsubdf3.o)
                                                  C:\CodeSourcery\Sourcery G++ Lite/arm-none-eabi/lib\libc.a(lib_a-dtoa.o)
__aeabi_uidiv                                     C:\CodeSourcery\Sourcery G++ Lite/lib/gcc/arm-none-eabi/4.8.1\libgcc.a(_udivsi3.o)
                                                  C:\CodeSourcery\Sourcery G++ Lite/lib/gcc/arm-none-eabi/4.8.1\libgcc.a(_udivdi3.o)
                                                  C:\CodeSourcery\Sourcery G++ Lite/lib/gcc/arm-none-eabi/4.8.1\libgcc.a(_divdi3.o)
                                                  C:\CodeSourcery\Sourcery G++ Lite/arm-none-eabi/lib\libc.a(lib_a-dtoa.o)
                                                  C:\CodeSourcery\Sourcery G++ Lite/arm-none-eabi/lib\libc.a(lib_a-strtol.o)
__aeabi_uidivmod                                  C:\CodeSourcery\Sourcery G++ Lite/lib/gcc/arm-none-eabi/4.8.1\libgcc.a(_udivsi3.o)
                                                  C:\CodeSourcery\Sourcery G++ Lite/lib/gcc/arm-none-eabi/4.8.1\libgcc.a(_udivdi3.o)
                                                  C:\CodeSourcery\Sourcery G++ Lite/lib/gcc/arm-none-eabi/4.8.1\libgcc.a(_divdi3.o)
                                                  C:\CodeSourcery\Sourcery G++ Lite/arm-none-eabi/lib\libc.a(lib_a-strtol.o)
__aeabi_ul2d                                      C:\CodeSourcery\Sourcery G++ Lite/lib/gcc/arm-none-eabi/4.8.1\libgcc.a(_arm_addsubdf3.o)
__aeabi_uldivmod                                  C:\CodeSourcery\Sourcery G++ Lite/lib/gcc/arm-none-eabi/4.8.1\libgcc.a(_aeabi_uldivmod.o)
                                                  C:\CodeSourcery\Sourcery G++ Lite/arm-none-eabi/lib\libc.a(lib_a-svfiprintf.o)
                                                  C:\CodeSourcery\Sourcery G++ Lite/arm-none-eabi/lib\libc.a(lib_a-svfprintf.o)
__any_on                                          C:\CodeSourcery\Sourcery G++ Lite/arm-none-eabi/lib\libc.a(lib_a-mprec.o)
__b2d                                             C:\CodeSourcery\Sourcery G++ Lite/arm-none-eabi/lib\libc.a(lib_a-mprec.o)
__clzsi2                                          C:\CodeSourcery\Sourcery G++ Lite/lib/gcc/arm-none-eabi/4.8.1\libgcc.a(_clzsi2.o)
                                                  C:\CodeSourcery\Sourcery G++ Lite/lib/gcc/arm-none-eabi/4.8.1\libgcc.a(_udivdi3.o)
                                                  C:\CodeSourcery\Sourcery G++ Lite/lib/gcc/arm-none-eabi/4.8.1\libgcc.a(_divdi3.o)
__cmpdf2                                          C:\CodeSourcery\Sourcery G++ Lite/lib/gcc/arm-none-eabi/4.8.1\libgcc.a(_arm_cmpdf2.o)
__copybits                                        C:\CodeSourcery\Sourcery G++ Lite/arm-none-eabi/lib\libc.a(lib_a-mprec.o)
__ctype_ptr__                                     C:\CodeSourcery\Sourcery G++ Lite/arm-none-eabi/lib\libc.a(lib_a-ctype_.o)
                                                  C:\CodeSourcery\Sourcery G++ Lite/arm-none-eabi/lib\libc.a(lib_a-strtol.o)
                                                  uart.o
__d2b                                             C:\CodeSourcery\Sourcery G++ Lite/arm-none-eabi/lib\libc.a(lib_a-mprec.o)
                                                  C:\CodeSourcery\Sourcery G++ Lite/arm-none-eabi/lib\libc.a(lib_a-dtoa.o)
__divdf3                                          C:\CodeSourcery\Sourcery G++ Lite/lib/gcc/arm-none-eabi/4.8.1\libgcc.a(_arm_muldivdf3.o)
__divdi3                                          C:\CodeSourcery\Sourcery G++ Lite/lib/gcc/arm-none-eabi/4.8.1\libgcc.a(_divdi3.o)
                                                  C:\CodeSourcery\Sourcery G++ Lite/lib/gcc/arm-none-eabi/4.8.1\libgcc.a(bpabi.o)
__eqdf2                                           C:\CodeSourcery\Sourcery G++ Lite/lib/gcc/arm-none-eabi/4.8.1\libgcc.a(_arm_cmpdf2.o)
__extendsfdf2                                     C:\CodeSourcery\Sourcery G++ Lite/lib/gcc/arm-none-eabi/4.8.1\libgcc.a(_arm_addsubdf3.o)
__fixdfsi                                         C:\CodeSourcery\Sourcery G++ Lite/lib/gcc/arm-none-eabi/4.8.1\libgcc.a(_arm_fixdfsi.o)
__floatdidf                                       C:\CodeSourcery\Sourcery G++ Lite/lib/gcc/arm-none-eabi/4.8.1\libgcc.a(_arm_addsubdf3.o)
__floatsidf                                       C:\CodeSourcery\Sourcery G++ Lite/lib/gcc/arm-none-eabi/4.8.1\libgcc.a(_arm_addsubdf3.o)
__floatundidf                                     C:\CodeSourcery\Sourcery G++ Lite/lib/gcc/arm-none-eabi/4.8.1\libgcc.a(_arm_addsubdf3.o)
__floatunsidf                                     C:\CodeSourcery\Sourcery G++ Lite/lib/gcc/arm-none-eabi/4.8.1\libgcc.a(_arm_addsubdf3.o)
__fpclassifyd                                     C:\CodeSourcery\Sourcery G++ Lite/arm-none-eabi/lib\libc.a(lib_a-s_fpclassify.o)
                                                  C:\CodeSourcery\Sourcery G++ Lite/arm-none-eabi/lib\libc.a(lib_a-svfprintf.o)
__gedf2                                           C:\CodeSourcery\Sourcery G++ Lite/lib/gcc/arm-none-eabi/4.8.1\libgcc.a(_arm_cmpdf2.o)
__gnu_ldivmod_helper                              C:\CodeSourcery\Sourcery G++ Lite/lib/gcc/arm-none-eabi/4.8.1\libgcc.a(bpabi.o)
__gnu_uldivmod_helper                             C:\CodeSourcery\Sourcery G++ Lite/lib/gcc/arm-none-eabi/4.8.1\libgcc.a(bpabi.o)
                                                  C:\CodeSourcery\Sourcery G++ Lite/lib/gcc/arm-none-eabi/4.8.1\libgcc.a(_aeabi_uldivmod.o)
__gtdf2                                           C:\CodeSourcery\Sourcery G++ Lite/lib/gcc/arm-none-eabi/4.8.1\libgcc.a(_arm_cmpdf2.o)
__hi0bits                                         C:\CodeSourcery\Sourcery G++ Lite/arm-none-eabi/lib\libc.a(lib_a-mprec.o)
                                                  C:\CodeSourcery\Sourcery G++ Lite/arm-none-eabi/lib\libc.a(lib_a-dtoa.o)
__i2b                                             C:\CodeSourcery\Sourcery G++ Lite/arm-none-eabi/lib\libc.a(lib_a-mprec.o)
                                                  C:\CodeSourcery\Sourcery G++ Lite/arm-none-eabi/lib\libc.a(lib_a-dtoa.o)
__ledf2                                           C:\CodeSourcery\Sourcery G++ Lite/lib/gcc/arm-none-eabi/4.8.1\libgcc.a(_arm_cmpdf2.o)
__lo0bits                                         C:\CodeSourcery\Sourcery G++ Lite/arm-none-eabi/lib\libc.a(lib_a-mprec.o)
__locale_charset                                  C:\CodeSourcery\Sourcery G++ Lite/arm-none-eabi/lib\libc.a(lib_a-locale.o)
__locale_cjk_lang                                 C:\CodeSourcery\Sourcery G++ Lite/arm-none-eabi/lib\libc.a(lib_a-locale.o)
__locale_mb_cur_max                               C:\CodeSourcery\Sourcery G++ Lite/arm-none-eabi/lib\libc.a(lib_a-locale.o)
__locale_msgcharset                               C:\CodeSourcery\Sourcery G++ Lite/arm-none-eabi/lib\libc.a(lib_a-locale.o)
__lshift                                          C:\CodeSourcery\Sourcery G++ Lite/arm-none-eabi/lib\libc.a(lib_a-mprec.o)
                                                  C:\CodeSourcery\Sourcery G++ Lite/arm-none-eabi/lib\libc.a(lib_a-dtoa.o)
__ltdf2                                           C:\CodeSourcery\Sourcery G++ Lite/lib/gcc/arm-none-eabi/4.8.1\libgcc.a(_arm_cmpdf2.o)
__malloc_av_                                      C:\CodeSourcery\Sourcery G++ Lite/arm-none-eabi/lib\libc.a(lib_a-mallocr.o)
                                                  C:\CodeSourcery\Sourcery G++ Lite/arm-none-eabi/lib\libc.a(lib_a-reallocr.o)
                                                  C:\CodeSourcery\Sourcery G++ Lite/arm-none-eabi/lib\libc.a(lib_a-freer.o)
__malloc_current_mallinfo                         C:\CodeSourcery\Sourcery G++ Lite/arm-none-eabi/lib\libc.a(lib_a-mallocr.o)
                                                  C:\CodeSourcery\Sourcery G++ Lite/arm-none-eabi/lib\libc.a(lib_a-freer.o)
__malloc_lock                                     C:\CodeSourcery\Sourcery G++ Lite/arm-none-eabi/lib\libc.a(lib_a-mlock.o)
                                                  C:\CodeSourcery\Sourcery G++ Lite/arm-none-eabi/lib\libc.a(lib_a-reallocr.o)
                                                  C:\CodeSourcery\Sourcery G++ Lite/arm-none-eabi/lib\libc.a(lib_a-freer.o)
                                                  C:\CodeSourcery\Sourcery G++ Lite/arm-none-eabi/lib\libc.a(lib_a-mallocr.o)
__malloc_max_sbrked_mem                           C:\CodeSourcery\Sourcery G++ Lite/arm-none-eabi/lib\libc.a(lib_a-mallocr.o)
__malloc_max_total_mem                            C:\CodeSourcery\Sourcery G++ Lite/arm-none-eabi/lib\libc.a(lib_a-mallocr.o)
__malloc_sbrk_base                                C:\CodeSourcery\Sourcery G++ Lite/arm-none-eabi/lib\libc.a(lib_a-mallocr.o)
                                                  C:\CodeSourcery\Sourcery G++ Lite/arm-none-eabi/lib\libc.a(lib_a-freer.o)
__malloc_top_pad                                  C:\CodeSourcery\Sourcery G++ Lite/arm-none-eabi/lib\libc.a(lib_a-mallocr.o)
                                                  C:\CodeSourcery\Sourcery G++ Lite/arm-none-eabi/lib\libc.a(lib_a-freer.o)
__malloc_trim_threshold                           C:\CodeSourcery\Sourcery G++ Lite/arm-none-eabi/lib\libc.a(lib_a-mallocr.o)
                                                  C:\CodeSourcery\Sourcery G++ Lite/arm-none-eabi/lib\libc.a(lib_a-freer.o)
__malloc_unlock                                   C:\CodeSourcery\Sourcery G++ Lite/arm-none-eabi/lib\libc.a(lib_a-mlock.o)
                                                  C:\CodeSourcery\Sourcery G++ Lite/arm-none-eabi/lib\libc.a(lib_a-reallocr.o)
                                                  C:\CodeSourcery\Sourcery G++ Lite/arm-none-eabi/lib\libc.a(lib_a-freer.o)
                                                  C:\CodeSourcery\Sourcery G++ Lite/arm-none-eabi/lib\libc.a(lib_a-mallocr.o)
__mb_cur_max                                      C:\CodeSourcery\Sourcery G++ Lite/arm-none-eabi/lib\libc.a(lib_a-locale.o)
__mcmp                                            C:\CodeSourcery\Sourcery G++ Lite/arm-none-eabi/lib\libc.a(lib_a-mprec.o)
                                                  C:\CodeSourcery\Sourcery G++ Lite/arm-none-eabi/lib\libc.a(lib_a-dtoa.o)
__mdiff                                           C:\CodeSourcery\Sourcery G++ Lite/arm-none-eabi/lib\libc.a(lib_a-mprec.o)
                                                  C:\CodeSourcery\Sourcery G++ Lite/arm-none-eabi/lib\libc.a(lib_a-dtoa.o)
__mlocale_changed                                 C:\CodeSourcery\Sourcery G++ Lite/arm-none-eabi/lib\libc.a(lib_a-locale.o)
__mprec_bigtens                                   C:\CodeSourcery\Sourcery G++ Lite/arm-none-eabi/lib\libc.a(lib_a-mprec.o)
                                                  C:\CodeSourcery\Sourcery G++ Lite/arm-none-eabi/lib\libc.a(lib_a-dtoa.o)
__mprec_tens                                      C:\CodeSourcery\Sourcery G++ Lite/arm-none-eabi/lib\libc.a(lib_a-mprec.o)
                                                  C:\CodeSourcery\Sourcery G++ Lite/arm-none-eabi/lib\libc.a(lib_a-dtoa.o)
__mprec_tinytens                                  C:\CodeSourcery\Sourcery G++ Lite/arm-none-eabi/lib\libc.a(lib_a-mprec.o)
__muldf3                                          C:\CodeSourcery\Sourcery G++ Lite/lib/gcc/arm-none-eabi/4.8.1\libgcc.a(_arm_muldivdf3.o)
__multadd                                         C:\CodeSourcery\Sourcery G++ Lite/arm-none-eabi/lib\libc.a(lib_a-mprec.o)
                                                  C:\CodeSourcery\Sourcery G++ Lite/arm-none-eabi/lib\libc.a(lib_a-dtoa.o)
__multiply                                        C:\CodeSourcery\Sourcery G++ Lite/arm-none-eabi/lib\libc.a(lib_a-mprec.o)
                                                  C:\CodeSourcery\Sourcery G++ Lite/arm-none-eabi/lib\libc.a(lib_a-dtoa.o)
__nedf2                                           C:\CodeSourcery\Sourcery G++ Lite/lib/gcc/arm-none-eabi/4.8.1\libgcc.a(_arm_cmpdf2.o)
__nlocale_changed                                 C:\CodeSourcery\Sourcery G++ Lite/arm-none-eabi/lib\libc.a(lib_a-locale.o)
__pow5mult                                        C:\CodeSourcery\Sourcery G++ Lite/arm-none-eabi/lib\libc.a(lib_a-mprec.o)
                                                  C:\CodeSourcery\Sourcery G++ Lite/arm-none-eabi/lib\libc.a(lib_a-dtoa.o)
__ratio                                           C:\CodeSourcery\Sourcery G++ Lite/arm-none-eabi/lib\libc.a(lib_a-mprec.o)
__s2b                                             C:\CodeSourcery\Sourcery G++ Lite/arm-none-eabi/lib\libc.a(lib_a-mprec.o)
__ssprint_r                                       C:\CodeSourcery\Sourcery G++ Lite/arm-none-eabi/lib\libc.a(lib_a-svfiprintf.o)
                                                  C:\CodeSourcery\Sourcery G++ Lite/arm-none-eabi/lib\libc.a(lib_a-svfprintf.o)
__start                                           crt0.o
                                                  cp15a.o
__subdf3                                          C:\CodeSourcery\Sourcery G++ Lite/lib/gcc/arm-none-eabi/4.8.1\libgcc.a(_arm_addsubdf3.o)
__udivdi3                                         C:\CodeSourcery\Sourcery G++ Lite/lib/gcc/arm-none-eabi/4.8.1\libgcc.a(_udivdi3.o)
                                                  C:\CodeSourcery\Sourcery G++ Lite/lib/gcc/arm-none-eabi/4.8.1\libgcc.a(bpabi.o)
__udivsi3                                         C:\CodeSourcery\Sourcery G++ Lite/lib/gcc/arm-none-eabi/4.8.1\libgcc.a(_udivsi3.o)
__ulp                                             C:\CodeSourcery\Sourcery G++ Lite/arm-none-eabi/lib\libc.a(lib_a-mprec.o)
_atoi_r                                           C:\CodeSourcery\Sourcery G++ Lite/arm-none-eabi/lib\libc.a(lib_a-atoi.o)
_calloc_r                                         C:\CodeSourcery\Sourcery G++ Lite/arm-none-eabi/lib\libc.a(lib_a-callocr.o)
                                                  C:\CodeSourcery\Sourcery G++ Lite/arm-none-eabi/lib\libc.a(lib_a-mprec.o)
_ctype_                                           C:\CodeSourcery\Sourcery G++ Lite/arm-none-eabi/lib\libc.a(lib_a-ctype_.o)
_dtoa_r                                           C:\CodeSourcery\Sourcery G++ Lite/arm-none-eabi/lib\libc.a(lib_a-dtoa.o)
                                                  C:\CodeSourcery\Sourcery G++ Lite/arm-none-eabi/lib\libc.a(lib_a-svfprintf.o)
_free_r                                           C:\CodeSourcery\Sourcery G++ Lite/arm-none-eabi/lib\libc.a(lib_a-freer.o)
                                                  C:\CodeSourcery\Sourcery G++ Lite/arm-none-eabi/lib\libc.a(lib_a-reallocr.o)
                                                  C:\CodeSourcery\Sourcery G++ Lite/arm-none-eabi/lib\libc.a(lib_a-svfiprintf.o)
                                                  C:\CodeSourcery\Sourcery G++ Lite/arm-none-eabi/lib\libc.a(lib_a-reent.o)
                                                  C:\CodeSourcery\Sourcery G++ Lite/arm-none-eabi/lib\libc.a(lib_a-mallocr.o)
                                                  C:\CodeSourcery\Sourcery G++ Lite/arm-none-eabi/lib\libc.a(lib_a-malloc.o)
_global_impure_ptr                                C:\CodeSourcery\Sourcery G++ Lite/arm-none-eabi/lib\libc.a(lib_a-impure.o)
_impure_ptr                                       C:\CodeSourcery\Sourcery G++ Lite/arm-none-eabi/lib\libc.a(lib_a-impure.o)
                                                  C:\CodeSourcery\Sourcery G++ Lite/arm-none-eabi/lib\libc.a(lib_a-locale.o)
                                                  C:\CodeSourcery\Sourcery G++ Lite/arm-none-eabi/lib\libc.a(lib_a-reent.o)
                                                  C:\CodeSourcery\Sourcery G++ Lite/arm-none-eabi/lib\libc.a(lib_a-vsprintf.o)
                                                  C:\CodeSourcery\Sourcery G++ Lite/arm-none-eabi/lib\libc.a(lib_a-strtol.o)
                                                  C:\CodeSourcery\Sourcery G++ Lite/arm-none-eabi/lib\libc.a(lib_a-malloc.o)
_localeconv_r                                     C:\CodeSourcery\Sourcery G++ Lite/arm-none-eabi/lib\libc.a(lib_a-locale.o)
                                                  C:\CodeSourcery\Sourcery G++ Lite/arm-none-eabi/lib\libc.a(lib_a-svfprintf.o)
_malloc_r                                         C:\CodeSourcery\Sourcery G++ Lite/arm-none-eabi/lib\libc.a(lib_a-mallocr.o)
                                                  C:\CodeSourcery\Sourcery G++ Lite/arm-none-eabi/lib\libc.a(lib_a-reallocr.o)